stm32f4xx_fmc.c:130:6:FMC_NORSRAMDeInit	16	static
stm32f4xx_fmc.c:157:6:FMC_NORSRAMInit	24	static
stm32f4xx_fmc.c:257:6:FMC_NORSRAMStructInit	16	static
stm32f4xx_fmc.c:302:6:FMC_NORSRAMCmd	16	static
stm32f4xx_fmc.c:375:6:FMC_NANDDeInit	16	static
stm32f4xx_fmc.c:406:6:FMC_NANDInit	32	static
stm32f4xx_fmc.c:471:6:FMC_NANDStructInit	16	static
stm32f4xx_fmc.c:500:6:FMC_NANDCmd	16	static
stm32f4xx_fmc.c:540:6:FMC_NANDECCCmd	16	static
stm32f4xx_fmc.c:579:10:FMC_GetECC	24	static
stm32f4xx_fmc.c:643:6:FMC_PCCARDDeInit	4	static
stm32f4xx_fmc.c:660:6:FMC_PCCARDInit	16	static
stm32f4xx_fmc.c:712:6:FMC_PCCARDStructInit	16	static
stm32f4xx_fmc.c:738:6:FMC_PCCARDCmd	16	static
stm32f4xx_fmc.c:810:6:FMC_SDRAMDeInit	16	static
stm32f4xx_fmc.c:830:6:FMC_SDRAMInit	32	static
stm32f4xx_fmc.c:920:6:FMC_SDRAMStructInit	16	static
stm32f4xx_fmc.c:950:6:FMC_SDRAMCmdConfig	24	static
stm32f4xx_fmc.c:976:10:FMC_GetModeStatus	24	static
stm32f4xx_fmc.c:1002:6:FMC_SetRefreshCount	16	static
stm32f4xx_fmc.c:1016:6:FMC_SetAutoRefresh_Number	16	static
stm32f4xx_fmc.c:1032:6:FMC_SDRAMWriteProtectionConfig	16	static
stm32f4xx_fmc.c:1084:6:FMC_ITConfig	24	static
stm32f4xx_fmc.c:1161:12:FMC_GetFlagStatus	24	static
stm32f4xx_fmc.c:1217:6:FMC_ClearFlag	16	static
stm32f4xx_fmc.c:1260:10:FMC_GetITStatus	40	static
stm32f4xx_fmc.c:1332:6:FMC_ClearITPendingBit	16	static
