stm32f4xx_sai.c:182:6:SAI_DeInit	16	static
stm32f4xx_sai.c:205:6:SAI_Init	24	static
stm32f4xx_sai.c:272:6:SAI_FrameInit	24	static
stm32f4xx_sai.c:320:6:SAI_SlotInit	24	static
stm32f4xx_sai.c:359:6:SAI_StructInit	16	static
stm32f4xx_sai.c:390:6:SAI_FrameStructInit	16	static
stm32f4xx_sai.c:411:6:SAI_SlotStructInit	16	static
stm32f4xx_sai.c:432:6:SAI_Cmd	16	static
stm32f4xx_sai.c:461:6:SAI_MonoModeConfig	16	static
stm32f4xx_sai.c:484:6:SAI_TRIStateConfig	16	static
stm32f4xx_sai.c:512:6:SAI_CompandingModeConfig	16	static
stm32f4xx_sai.c:536:6:SAI_MuteModeCmd	16	static
stm32f4xx_sai.c:567:6:SAI_MuteValueConfig	16	static
stm32f4xx_sai.c:589:6:SAI_MuteFrameCounterConfig	16	static
stm32f4xx_sai.c:612:6:SAI_FlushFIFO	16	static
stm32f4xx_sai.c:654:10:SAI_ReceiveData	16	static
stm32f4xx_sai.c:670:6:SAI_SendData	16	static
stm32f4xx_sai.c:702:6:SAI_DMACmd	16	static
stm32f4xx_sai.c:846:6:SAI_ITConfig	24	static
stm32f4xx_sai.c:879:12:SAI_GetFlagStatus	24	static
stm32f4xx_sai.c:922:6:SAI_ClearFlag	16	static
stm32f4xx_sai.c:947:10:SAI_GetITStatus	24	static
stm32f4xx_sai.c:994:6:SAI_ClearITPendingBit	16	static
stm32f4xx_sai.c:1016:17:SAI_GetCmdStatus	24	static
stm32f4xx_sai.c:1049:10:SAI_GetFIFOStatus	24	static
