Archive member included to satisfy reference by file (symbol)

c:/program files (x86)/atollic/truestudio for stm32 9.3.0/armtools/bin/../lib/gcc/arm-atollic-eabi/6.3.1/../../../../arm-atollic-eabi/lib/armv7e-m/fpu\libc_nano.a(lib_a-init.o)
                              src\startup_stm32f429x.o (__libc_init_array)

Allocating common symbols
Common symbol       size              file

DMA2_Interrupt_TranseferComplete_ISR_Callback_PTR
                    0x4               src\main.o
USART1_CTS_callBack_function_pointer
                    0x4               src\main.o
currentIRQStatus    0x1               src\main.o
Flash_currentState  0x1               src\main.o
MyIRQs              0x1               src\src\myIRQ.o
DMA2_Interrupt_FifoOverrun_ISR_Callback_PTR
                    0x4               src\main.o
currentState        0x1               src\main.o
DMA2_Interrupt_DirectModeError_ISR_Callback_PTR
                    0x4               src\main.o
Flash_ISR_State_Var
                    0x1               src\main.o
TxMessageLength     0x1               src\main.o
RxMessageLength     0x1               src\main.o
RxChar              0x1               src\main.o
USART1_TRANSMIT_COMPLETE_callBack_function_pointer
                    0x4               src\main.o
PushButton_Result   0x1               src\main.o
RX_FLAG             0x1               src\main.o
TxDMABuffer         0x80              src\main.o
USART1_OVERRUN_ERROR_callBack_function_pointer
                    0x4               src\main.o
FlashRxBuffer       0x80              src\main.o
USART1_IDLE_LINE_DETECT_callBack_function_pointer
                    0x4               src\main.o
RxDMABuffer         0x80              src\main.o
currentErrorStatus  0x1               src\main.o
RxBuffer            0x81              src\main.o
DMA2_Interrupt_HalfTransfere_ISR_Callback_PTR
                    0x4               src\main.o
USART1_PARITY_ERROR_callBack_function_pointer
                    0x4               src\main.o
FlashRxMessageLength
                    0x1               src\main.o
DMA2_Interrupt_TransfereError_ISR_Callback_PTR
                    0x4               src\main.o
USART1_TRANSMIT_DATA_EMPTY_callBack_function_pointer
                    0x4               src\main.o
USART1_RECIEVE_callBack_function_pointer
                    0x4               src\main.o
FlashRxDMABuffer    0x80              src\main.o
USART1_BREAK_FLAG_callBack_function_pointer
                    0x4               src\main.o

Discarded input sections

 .text          0x00000000        0x0 c:/program files (x86)/atollic/truestudio for stm32 9.3.0/armtools/bin/../lib/gcc/arm-atollic-eabi/6.3.1/armv7e-m/fpu/crti.o
 .data          0x00000000        0x0 c:/program files (x86)/atollic/truestudio for stm32 9.3.0/armtools/bin/../lib/gcc/arm-atollic-eabi/6.3.1/armv7e-m/fpu/crti.o
 .bss           0x00000000        0x0 c:/program files (x86)/atollic/truestudio for stm32 9.3.0/armtools/bin/../lib/gcc/arm-atollic-eabi/6.3.1/armv7e-m/fpu/crti.o
 .data          0x00000000        0x4 c:/program files (x86)/atollic/truestudio for stm32 9.3.0/armtools/bin/../lib/gcc/arm-atollic-eabi/6.3.1/armv7e-m/fpu/crtbegin.o
 .text          0x00000000        0x0 src\main.o
 .data          0x00000000        0x0 src\main.o
 .bss           0x00000000        0x0 src\main.o
 .text.USART1_Recive_IRQ_Callback
                0x00000000       0x2c src\main.o
 .text          0x00000000        0x0 src\src\Bassic_Timer.o
 .data          0x00000000        0x0 src\src\Bassic_Timer.o
 .bss           0x00000000        0x0 src\src\Bassic_Timer.o
 .text.Basic_Timer_TIM6_INIT
                0x00000000       0x7c src\src\Bassic_Timer.o
 .text.Basic_Timer_TIM6_Update_Event
                0x00000000       0x20 src\src\Bassic_Timer.o
 .text.Basic_Timer_TIM6_Set_prescaler
                0x00000000       0x20 src\src\Bassic_Timer.o
 .text.Basic_Timer_TIM6_Auto_Reload_Set
                0x00000000       0x20 src\src\Bassic_Timer.o
 .debug_info    0x00000000       0xfe src\src\Bassic_Timer.o
 .debug_abbrev  0x00000000       0x78 src\src\Bassic_Timer.o
 .debug_aranges
                0x00000000       0x38 src\src\Bassic_Timer.o
 .debug_ranges  0x00000000       0x28 src\src\Bassic_Timer.o
 .debug_line    0x00000000       0xee src\src\Bassic_Timer.o
 .debug_str     0x00000000      0x24b src\src\Bassic_Timer.o
 .comment       0x00000000       0x7d src\src\Bassic_Timer.o
 .debug_frame   0x00000000       0x98 src\src\Bassic_Timer.o
 .ARM.attributes
                0x00000000       0x39 src\src\Bassic_Timer.o
 .text          0x00000000        0x0 src\src\DMA.o
 .data          0x00000000        0x0 src\src\DMA.o
 .bss           0x00000000        0x0 src\src\DMA.o
 .text.DMA2_Stream_0_Init
                0x00000000       0xc0 src\src\DMA.o
 .text.DMA2_Stream_0_Set_Addresses_M2M
                0x00000000       0x38 src\src\DMA.o
 .text.DMA2_Stream_0_Enable
                0x00000000       0x28 src\src\DMA.o
 .text.DMA2_General_INIT
                0x00000000       0x70 src\src\DMA.o
 .text.DMA2_Stream5_INIT
                0x00000000       0xb8 src\src\DMA.o
 .text.DMA2_Channel_Set
                0x00000000       0x78 src\src\DMA.o
 .text.DMA2_Transefere_direction_set
                0x00000000       0x78 src\src\DMA.o
 .text.DMA2_Address_Set
                0x00000000       0x40 src\src\DMA.o
 .text.DMA2_Memory2Memory_Address_Set
                0x00000000       0x40 src\src\DMA.o
 .text.DMA2_Item_Number_Set
                0x00000000       0x30 src\src\DMA.o
 .text.DMA2_Priority_Set
                0x00000000       0x78 src\src\DMA.o
 .text.DMA2_Data_Size_Set
                0x00000000       0xa4 src\src\DMA.o
 .text.DMA2_Enable
                0x00000000       0x54 src\src\DMA.o
 .text.DMA2_Disable
                0x00000000       0x34 src\src\DMA.o
 .text.DMA2_Transefere_Mode_set
                0x00000000       0x82 src\src\DMA.o
 .text.DMA2_Circular_Mode_Enable
                0x00000000       0x44 src\src\DMA.o
 .text.DMA2_Double_Buffer_Mode_Enable
                0x00000000       0x4c src\src\DMA.o
 .text.DMA2_Interrupt_Mask_Set
                0x00000000      0x170 src\src\DMA.o
 .text.DMA2_Interrupt_Mask_Clear
                0x00000000      0x15c src\src\DMA.o
 .text.DMA2_Interrupt_Status_Raw_Check
                0x00000000       0x88 src\src\DMA.o
 .text.DMA2_FIFO_Control
                0x00000000       0x80 src\src\DMA.o
 .text.DMA2_FIFO_Status_Check
                0x00000000       0x36 src\src\DMA.o
 .text.DMA2_Incrementation_Control
                0x00000000       0xdc src\src\DMA.o
 .text.DMA2_Interrupt_HalfTransfere_ISR_Callback_set
                0x00000000       0x24 src\src\DMA.o
 .text.DMA2_Interrupt_TranseferComplete_ISR_Callback_set
                0x00000000       0x24 src\src\DMA.o
 .text.DMA2_Interrupt_TransfereError_ISR_Callback_set
                0x00000000       0x24 src\src\DMA.o
 .text.DMA2_Interrupt_FifoOverrun_ISR_Callback_set
                0x00000000       0x24 src\src\DMA.o
 .text.DMA2_Interrupt_DirectModeError_ISR_Callback_set
                0x00000000       0x24 src\src\DMA.o
 .text.DMA2_Stream5_Interruptr_ISR
                0x00000000       0x7c src\src\DMA.o
 .text.DMA2_Stream_7_Init
                0x00000000       0xc0 src\src\DMA.o
 .text.DMA2_Stream_7_Set_Addresses
                0x00000000       0x38 src\src\DMA.o
 .text.DMA2_Stream_7_Enable
                0x00000000       0x2c src\src\DMA.o
 .text          0x00000000        0x0 src\src\Flash_Hal.o
 .data          0x00000000        0x0 src\src\Flash_Hal.o
 .bss           0x00000000        0x0 src\src\Flash_Hal.o
 .data.unlocked
                0x00000000       0x20 src\src\Flash_Hal.o
 .data.locked   0x00000000       0x1e src\src\Flash_Hal.o
 .data.erased   0x00000000       0x1f src\src\Flash_Hal.o
 .data.ob_unlocked
                0x00000000       0x27 src\src\Flash_Hal.o
 .data.ob_locked
                0x00000000       0x25 src\src\Flash_Hal.o
 .data.protected
                0x00000000       0x24 src\src\Flash_Hal.o
 .data.not_protected
                0x00000000       0x20 src\src\Flash_Hal.o
 .data.programmed
                0x00000000       0x25 src\src\Flash_Hal.o
 .text.Flash_USART1_Enable
                0x00000000        0xc src\src\Flash_Hal.o
 .text          0x00000000        0x0 src\src\GPT_2TO5.o
 .data          0x00000000        0x0 src\src\GPT_2TO5.o
 .bss           0x00000000        0x0 src\src\GPT_2TO5.o
 .text.GPT_Timer_3_Init
                0x00000000       0x78 src\src\GPT_2TO5.o
 .text.GPT_Timer_3_Enable
                0x00000000       0x20 src\src\GPT_2TO5.o
 .text.GPT_Timer_3_Set_Prescaler
                0x00000000       0x20 src\src\GPT_2TO5.o
 .text.GPT_Timer_3_Auto_Reload_Set
                0x00000000       0x28 src\src\GPT_2TO5.o
 .text.GPT_Timer_3_Get_counter
                0x00000000       0x18 src\src\GPT_2TO5.o
 .text.GPT_Timer_4_Init
                0x00000000       0x7c src\src\GPT_2TO5.o
 .text.GPT_Timer_4_Enable
                0x00000000       0x20 src\src\GPT_2TO5.o
 .text.GPT_Timer_4_Set_Prescaler
                0x00000000       0x20 src\src\GPT_2TO5.o
 .text.GPT_Timer_4_Auto_Reload_Set
                0x00000000       0x28 src\src\GPT_2TO5.o
 .text.GPT_Timer_4_Get_counter
                0x00000000       0x18 src\src\GPT_2TO5.o
 .debug_info    0x00000000      0x18d src\src\GPT_2TO5.o
 .debug_abbrev  0x00000000       0xed src\src\GPT_2TO5.o
 .debug_aranges
                0x00000000       0x68 src\src\GPT_2TO5.o
 .debug_ranges  0x00000000       0x58 src\src\GPT_2TO5.o
 .debug_line    0x00000000      0x15c src\src\GPT_2TO5.o
 .debug_str     0x00000000      0x2b1 src\src\GPT_2TO5.o
 .comment       0x00000000       0x7d src\src\GPT_2TO5.o
 .debug_frame   0x00000000      0x170 src\src\GPT_2TO5.o
 .ARM.attributes
                0x00000000       0x39 src\src\GPT_2TO5.o
 .text          0x00000000        0x0 src\src\SysTick.o
 .data          0x00000000        0x0 src\src\SysTick.o
 .bss           0x00000000        0x0 src\src\SysTick.o
 .text.SysTick_GetCurrentTick
                0x00000000       0x18 src\src\SysTick.o
 .text          0x00000000        0x0 src\src\exti.o
 .data          0x00000000        0x0 src\src\exti.o
 .bss           0x00000000        0x0 src\src\exti.o
 .text.EXTI_Init_PB
                0x00000000       0x60 src\src\exti.o
 .debug_info    0x00000000      0x37b src\src\exti.o
 .debug_abbrev  0x00000000       0xc0 src\src\exti.o
 .debug_aranges
                0x00000000       0x20 src\src\exti.o
 .debug_ranges  0x00000000       0x10 src\src\exti.o
 .debug_line    0x00000000      0x1a5 src\src\exti.o
 .debug_str     0x00000000      0x371 src\src\exti.o
 .comment       0x00000000       0x7d src\src\exti.o
 .debug_frame   0x00000000       0x30 src\src\exti.o
 .ARM.attributes
                0x00000000       0x39 src\src\exti.o
 .text          0x00000000        0x0 src\src\gpio.o
 .data          0x00000000        0x0 src\src\gpio.o
 .bss           0x00000000        0x0 src\src\gpio.o
 .text          0x00000000        0x0 src\src\memcpy.o
 .data          0x00000000        0x0 src\src\memcpy.o
 .bss           0x00000000        0x0 src\src\memcpy.o
 .text.memcpy32
                0x00000000       0x56 src\src\memcpy.o
 .debug_info    0x00000000      0x161 src\src\memcpy.o
 .debug_abbrev  0x00000000       0xda src\src\memcpy.o
 .debug_aranges
                0x00000000       0x20 src\src\memcpy.o
 .debug_ranges  0x00000000       0x10 src\src\memcpy.o
 .debug_line    0x00000000      0x20a src\src\memcpy.o
 .debug_str     0x00000000      0x265 src\src\memcpy.o
 .comment       0x00000000       0x7d src\src\memcpy.o
 .debug_frame   0x00000000       0x38 src\src\memcpy.o
 .ARM.attributes
                0x00000000       0x39 src\src\memcpy.o
 .text          0x00000000        0x0 src\src\myEXIT.o
 .data          0x00000000        0x0 src\src\myEXIT.o
 .bss           0x00000000        0x0 src\src\myEXIT.o
 .text.EXTI_Init
                0x00000000      0x140 src\src\myEXIT.o
 .text.EXTI_SW_ENABLE
                0x00000000       0x2c src\src\myEXIT.o
 .text.EXTI_MUSKING
                0x00000000       0x16 src\src\myEXIT.o
 .text.EXTI_CLEAR_PENDING
                0x00000000       0x2c src\src\myEXIT.o
 .debug_info    0x00000000      0x268 src\src\myEXIT.o
 .debug_abbrev  0x00000000       0xe4 src\src\myEXIT.o
 .debug_aranges
                0x00000000       0x38 src\src\myEXIT.o
 .debug_ranges  0x00000000       0x28 src\src\myEXIT.o
 .debug_line    0x00000000      0x277 src\src\myEXIT.o
 .debug_str     0x00000000      0x30a src\src\myEXIT.o
 .comment       0x00000000       0x7d src\src\myEXIT.o
 .debug_frame   0x00000000       0xb4 src\src\myEXIT.o
 .ARM.attributes
                0x00000000       0x39 src\src\myEXIT.o
 .text          0x00000000        0x0 src\src\myGPIO.o
 .data          0x00000000        0x0 src\src\myGPIO.o
 .bss           0x00000000        0x0 src\src\myGPIO.o
 .text.GPIO_OUT_VALUE
                0x00000000       0x6c src\src\myGPIO.o
 .text.GPIO_IN_INIT
                0x00000000       0xb8 src\src\myGPIO.o
 .text.GPIO_IN_value
                0x00000000       0x40 src\src\myGPIO.o
 .text.myGPIO_Init_LED
                0x00000000       0x9c src\src\myGPIO.o
 .text          0x00000000        0x0 src\src\myGeneral_Purpose_Timer_T2_T5.o
 .data          0x00000000        0x0 src\src\myGeneral_Purpose_Timer_T2_T5.o
 .bss           0x00000000        0x0 src\src\myGeneral_Purpose_Timer_T2_T5.o
 .text.TIM6_UpCount_Config
                0x00000000       0x54 src\src\myGeneral_Purpose_Timer_T2_T5.o
 .text.TIM3_DownCount_Config
                0x00000000       0x54 src\src\myGeneral_Purpose_Timer_T2_T5.o
 .text.TIM4_UpDownCount_Config
                0x00000000       0x64 src\src\myGeneral_Purpose_Timer_T2_T5.o
 .text.TIM4_IRQ_Callback
                0x00000000       0x24 src\src\myGeneral_Purpose_Timer_T2_T5.o
 .debug_info    0x00000000      0x527 src\src\myGeneral_Purpose_Timer_T2_T5.o
 .debug_abbrev  0x00000000      0x10a src\src\myGeneral_Purpose_Timer_T2_T5.o
 .debug_aranges
                0x00000000       0x38 src\src\myGeneral_Purpose_Timer_T2_T5.o
 .debug_ranges  0x00000000       0x28 src\src\myGeneral_Purpose_Timer_T2_T5.o
 .debug_line    0x00000000      0x26b src\src\myGeneral_Purpose_Timer_T2_T5.o
 .debug_str     0x00000000      0x48e src\src\myGeneral_Purpose_Timer_T2_T5.o
 .comment       0x00000000       0x7d src\src\myGeneral_Purpose_Timer_T2_T5.o
 .debug_frame   0x00000000       0x8c src\src\myGeneral_Purpose_Timer_T2_T5.o
 .ARM.attributes
                0x00000000       0x39 src\src\myGeneral_Purpose_Timer_T2_T5.o
 .text          0x00000000        0x0 src\src\myIRQ.o
 .data          0x00000000        0x0 src\src\myIRQ.o
 .bss           0x00000000        0x0 src\src\myIRQ.o
 .text.IRQ_Init
                0x00000000       0x2a src\src\myIRQ.o
 .text.myNVIC_IRQ_Init
                0x00000000       0x46 src\src\myIRQ.o
 .text.myNVIC_SetPriorityGrouping
                0x00000000       0x48 src\src\myIRQ.o
 .text.myyNVIC_GetPriorityGrouping
                0x00000000       0x1c src\src\myIRQ.o
 .text.myNVIC_Enable_GlobalIRQ
                0x00000000        0xe src\src\myIRQ.o
 .text.myNVIC_Disable_GlobalIRQ
                0x00000000        0xe src\src\myIRQ.o
 .text.myNVIC_EnableIRQ
                0x00000000       0x5a src\src\myIRQ.o
 .text.myNVIC_DisableIRQ
                0x00000000       0x16 src\src\myIRQ.o
 .text.myNVIC_GetPendingIRQ
                0x00000000       0x18 src\src\myIRQ.o
 .text.myNVIC_SetPendingIRQ
                0x00000000       0x4a src\src\myIRQ.o
 .text.myNVIC_ClearPendingIRQ
                0x00000000       0x16 src\src\myIRQ.o
 .text.myNVIC_GetActive
                0x00000000       0x18 src\src\myIRQ.o
 .text.myNVIC_SetPriority
                0x00000000       0x8c src\src\myIRQ.o
 .text.myNVIC_GetPriority
                0x00000000       0x18 src\src\myIRQ.o
 .text.myNVIC_EncodePriority
                0x00000000       0x1a src\src\myIRQ.o
 .text.myNVIC_DecodePriority
                0x00000000       0x1a src\src\myIRQ.o
 .debug_info    0x00000000      0x848 src\src\myIRQ.o
 .debug_abbrev  0x00000000      0x1ff src\src\myIRQ.o
 .debug_aranges
                0x00000000       0x98 src\src\myIRQ.o
 .debug_ranges  0x00000000       0x88 src\src\myIRQ.o
 .debug_line    0x00000000      0x31d src\src\myIRQ.o
 .debug_str     0x00000000      0xa29 src\src\myIRQ.o
 .comment       0x00000000       0x7d src\src\myIRQ.o
 .debug_frame   0x00000000      0x268 src\src\myIRQ.o
 .ARM.attributes
                0x00000000       0x39 src\src\myIRQ.o
 COMMON         0x00000000        0x1 src\src\myIRQ.o
 .text          0x00000000        0x0 src\src\myRCC.o
 .data          0x00000000        0x0 src\src\myRCC.o
 .bss           0x00000000        0x0 src\src\myRCC.o
 .data.resetSource
                0x00000000        0x1 src\src\myRCC.o
 .text.RCC_DetectResetSource
                0x00000000       0x6c src\src\myRCC.o
 .text.RCC_ProcessReset
                0x00000000       0x8c src\src\myRCC.o
 .text.RCC_ClockOut_Setup
                0x00000000       0x9c src\src\myRCC.o
 .text          0x00000000        0x0 src\src\myUSART1.o
 .data          0x00000000        0x0 src\src\myUSART1.o
 .bss           0x00000000        0x0 src\src\myUSART1.o
 .rodata.hello_world
                0x00000000        0xc src\src\myUSART1.o
 .rodata.ask_for_name
                0x00000000       0x13 src\src\myUSART1.o
 .rodata.hi     0x00000000        0x4 src\src\myUSART1.o
 .rodata.ask_for_command
                0x00000000       0x15 src\src\myUSART1.o
 .rodata.ask_for_command_ex
                0x00000000       0x34 src\src\myUSART1.o
 .rodata.turn_on_green_led
                0x00000000       0x12 src\src\myUSART1.o
 .rodata.turn_on_red_led
                0x00000000       0x10 src\src\myUSART1.o
 .rodata.turn_off_green_led
                0x00000000       0x13 src\src\myUSART1.o
 .rodata.turn_off_red_led
                0x00000000       0x11 src\src\myUSART1.o
 .rodata.done   0x00000000        0x5 src\src\myUSART1.o
 .rodata.wrong_command
                0x00000000        0xe src\src\myUSART1.o
 .rodata.parity_error
                0x00000000        0xd src\src\myUSART1.o
 .text.strCmp   0x00000000       0x58 src\src\myUSART1.o
 .text.USART1_STR_Transmit
                0x00000000       0x3c src\src\myUSART1.o
 .text.USART1_CHAR_Transmit
                0x00000000       0x38 src\src\myUSART1.o
 .text.strReceive
                0x00000000       0xa4 src\src\myUSART1.o
 .text.USART1_CHAR_Receive
                0x00000000       0x34 src\src\myUSART1.o
 .text.myUSART1_Init
                0x00000000      0x194 src\src\myUSART1.o
 .text.USART1_RX_DMA_Config
                0x00000000       0xdc src\src\myUSART1.o
 .text.USART1_IRQ_Callback
                0x00000000       0x74 src\src\myUSART1.o
 .text.myUSART1_Process
                0x00000000      0x208 src\src\myUSART1.o
 .text.USART1_Process_with_DMA
                0x00000000      0x1f4 src\src\myUSART1.o
 .text.USART1_RECIEVE_CallBack_function_Set
                0x00000000       0x20 src\src\myUSART1.o
 .text.USART1_TX_DMA_IRQ_Callback
                0x00000000       0x28 src\src\myUSART1.o
 .text.USART1_RX_DMA_IRQ_Callback
                0x00000000       0x98 src\src\myUSART1.o
 .bss.RxIndex.7162
                0x00000000        0x4 src\src\myUSART1.o
 .bss.RxLocalBuffer.7161
                0x00000000       0x80 src\src\myUSART1.o
 .text          0x00000000        0x0 src\src\nvic.o
 .data          0x00000000        0x0 src\src\nvic.o
 .bss           0x00000000        0x0 src\src\nvic.o
 .text          0x00000000       0x14 src\startup_stm32f429x.o
 .data          0x00000000        0x0 src\startup_stm32f429x.o
 .bss           0x00000000        0x0 src\startup_stm32f429x.o
 .text          0x00000000        0x0 src\stm32f4xx_it.o
 .data          0x00000000        0x0 src\stm32f4xx_it.o
 .bss           0x00000000        0x0 src\stm32f4xx_it.o
 .text          0x00000000        0x0 src\system_stm32f4xx.o
 .data          0x00000000        0x0 src\system_stm32f4xx.o
 .bss           0x00000000        0x0 src\system_stm32f4xx.o
 .text          0x00000000        0x0 c:/program files (x86)/atollic/truestudio for stm32 9.3.0/armtools/bin/../lib/gcc/arm-atollic-eabi/6.3.1/../../../../arm-atollic-eabi/lib/armv7e-m/fpu\libc_nano.a(lib_a-init.o)
 .data          0x00000000        0x0 c:/program files (x86)/atollic/truestudio for stm32 9.3.0/armtools/bin/../lib/gcc/arm-atollic-eabi/6.3.1/../../../../arm-atollic-eabi/lib/armv7e-m/fpu\libc_nano.a(lib_a-init.o)
 .bss           0x00000000        0x0 c:/program files (x86)/atollic/truestudio for stm32 9.3.0/armtools/bin/../lib/gcc/arm-atollic-eabi/6.3.1/../../../../arm-atollic-eabi/lib/armv7e-m/fpu\libc_nano.a(lib_a-init.o)
 .text          0x00000000        0x0 c:/program files (x86)/atollic/truestudio for stm32 9.3.0/armtools/bin/../lib/gcc/arm-atollic-eabi/6.3.1/armv7e-m/fpu/crtend.o
 .data          0x00000000        0x0 c:/program files (x86)/atollic/truestudio for stm32 9.3.0/armtools/bin/../lib/gcc/arm-atollic-eabi/6.3.1/armv7e-m/fpu/crtend.o
 .bss           0x00000000        0x0 c:/program files (x86)/atollic/truestudio for stm32 9.3.0/armtools/bin/../lib/gcc/arm-atollic-eabi/6.3.1/armv7e-m/fpu/crtend.o
 .eh_frame      0x00000000        0x4 c:/program files (x86)/atollic/truestudio for stm32 9.3.0/armtools/bin/../lib/gcc/arm-atollic-eabi/6.3.1/armv7e-m/fpu/crtend.o
 .ARM.attributes
                0x00000000       0x34 c:/program files (x86)/atollic/truestudio for stm32 9.3.0/armtools/bin/../lib/gcc/arm-atollic-eabi/6.3.1/armv7e-m/fpu/crtend.o
 .text          0x00000000        0x0 c:/program files (x86)/atollic/truestudio for stm32 9.3.0/armtools/bin/../lib/gcc/arm-atollic-eabi/6.3.1/armv7e-m/fpu/crtn.o
 .data          0x00000000        0x0 c:/program files (x86)/atollic/truestudio for stm32 9.3.0/armtools/bin/../lib/gcc/arm-atollic-eabi/6.3.1/armv7e-m/fpu/crtn.o
 .bss           0x00000000        0x0 c:/program files (x86)/atollic/truestudio for stm32 9.3.0/armtools/bin/../lib/gcc/arm-atollic-eabi/6.3.1/armv7e-m/fpu/crtn.o

Memory Configuration

Name             Origin             Length             Attributes
FLASH            0x08000000         0x00200000         xr
RAM              0x20000000         0x00030000         xrw
MEMORY_B1        0x60000000         0x00000000         xr
CCMRAM           0x10000000         0x00010000         rw
*default*        0x00000000         0xffffffff

Linker script and memory map

LOAD c:/program files (x86)/atollic/truestudio for stm32 9.3.0/armtools/bin/../lib/gcc/arm-atollic-eabi/6.3.1/armv7e-m/fpu/crti.o
LOAD c:/program files (x86)/atollic/truestudio for stm32 9.3.0/armtools/bin/../lib/gcc/arm-atollic-eabi/6.3.1/armv7e-m/fpu/crtbegin.o
LOAD src\main.o
LOAD src\src\Bassic_Timer.o
LOAD src\src\DMA.o
LOAD src\src\Flash_Hal.o
LOAD src\src\GPT_2TO5.o
LOAD src\src\SysTick.o
LOAD src\src\exti.o
LOAD src\src\gpio.o
LOAD src\src\memcpy.o
LOAD src\src\myEXIT.o
LOAD src\src\myGPIO.o
LOAD src\src\myGeneral_Purpose_Timer_T2_T5.o
LOAD src\src\myIRQ.o
LOAD src\src\myRCC.o
LOAD src\src\myUSART1.o
LOAD src\src\nvic.o
LOAD src\startup_stm32f429x.o
LOAD src\stm32f4xx_it.o
LOAD src\system_stm32f4xx.o
                0x00000080                malloc_getpagesize_P = 0x80
START GROUP
LOAD c:/program files (x86)/atollic/truestudio for stm32 9.3.0/armtools/bin/../lib/gcc/arm-atollic-eabi/6.3.1/../../../../arm-atollic-eabi/lib/armv7e-m/fpu\libc_nano.a
LOAD c:/program files (x86)/atollic/truestudio for stm32 9.3.0/armtools/bin/../lib/gcc/arm-atollic-eabi/6.3.1/../../../../arm-atollic-eabi/lib/armv7e-m/fpu\libm.a
END GROUP
START GROUP
LOAD c:/program files (x86)/atollic/truestudio for stm32 9.3.0/armtools/bin/../lib/gcc/arm-atollic-eabi/6.3.1/armv7e-m/fpu\libgcc.a
LOAD c:/program files (x86)/atollic/truestudio for stm32 9.3.0/armtools/bin/../lib/gcc/arm-atollic-eabi/6.3.1/../../../../arm-atollic-eabi/lib/armv7e-m/fpu\libc_nano.a
END GROUP
START GROUP
LOAD c:/program files (x86)/atollic/truestudio for stm32 9.3.0/armtools/bin/../lib/gcc/arm-atollic-eabi/6.3.1/armv7e-m/fpu\libgcc.a
LOAD c:/program files (x86)/atollic/truestudio for stm32 9.3.0/armtools/bin/../lib/gcc/arm-atollic-eabi/6.3.1/../../../../arm-atollic-eabi/lib/armv7e-m/fpu\libc_nano.a
LOAD c:/program files (x86)/atollic/truestudio for stm32 9.3.0/armtools/bin/../lib/gcc/arm-atollic-eabi/6.3.1/../../../../arm-atollic-eabi/lib/armv7e-m/fpu\libnosys.a
END GROUP
START GROUP
LOAD c:/program files (x86)/atollic/truestudio for stm32 9.3.0/armtools/bin/../lib/gcc/arm-atollic-eabi/6.3.1/armv7e-m/fpu\libgcc.a
LOAD c:/program files (x86)/atollic/truestudio for stm32 9.3.0/armtools/bin/../lib/gcc/arm-atollic-eabi/6.3.1/../../../../arm-atollic-eabi/lib/armv7e-m/fpu\libc_nano.a
LOAD c:/program files (x86)/atollic/truestudio for stm32 9.3.0/armtools/bin/../lib/gcc/arm-atollic-eabi/6.3.1/../../../../arm-atollic-eabi/lib/armv7e-m/fpu\libnosys.a
END GROUP
LOAD c:/program files (x86)/atollic/truestudio for stm32 9.3.0/armtools/bin/../lib/gcc/arm-atollic-eabi/6.3.1/armv7e-m/fpu/crtend.o
LOAD c:/program files (x86)/atollic/truestudio for stm32 9.3.0/armtools/bin/../lib/gcc/arm-atollic-eabi/6.3.1/armv7e-m/fpu/crtn.o
                0x20030000                _estack = 0x20030000
                0x00000000                _Min_Heap_Size = 0x0
                0x00000400                _Min_Stack_Size = 0x400

.isr_vector     0x08000000      0x1ac
                0x08000000                . = ALIGN (0x4)
 *(.isr_vector)
 .isr_vector    0x08000000      0x1ac src\startup_stm32f429x.o
                0x08000000                g_pfnVectors
                0x080001ac                . = ALIGN (0x4)

.text           0x080001ac     0x186c
                0x080001ac                . = ALIGN (0x4)
 *(.text)
 .text          0x080001ac       0x40 c:/program files (x86)/atollic/truestudio for stm32 9.3.0/armtools/bin/../lib/gcc/arm-atollic-eabi/6.3.1/armv7e-m/fpu/crtbegin.o
 *(.text*)
 .text.main     0x080001ec       0x9c src\main.o
                0x080001ec                main
 .text.DMA2_Stream_5_Enable
                0x08000288       0x2c src\src\DMA.o
                0x08000288                DMA2_Stream_5_Enable
 .text.Flash_USART1_GPIO_Config
                0x080002b4        0xc src\src\Flash_Hal.o
                0x080002b4                Flash_USART1_GPIO_Config
 .text.Flash_USART1_Init
                0x080002c0       0x24 src\src\Flash_Hal.o
                0x080002c0                Flash_USART1_Init
 .text.Flash_USART1_TX_DMA_Config
                0x080002e4        0xc src\src\Flash_Hal.o
                0x080002e4                Flash_USART1_TX_DMA_Config
 .text.Flash_USART1_RX_DMA_Config
                0x080002f0       0xdc src\src\Flash_Hal.o
                0x080002f0                Flash_USART1_RX_DMA_Config
 .text.Flash_Init
                0x080003cc       0x4c src\src\Flash_Hal.o
                0x080003cc                Flash_Init
 .text.Flash_Main
                0x08000418       0xf0 src\src\Flash_Hal.o
                0x08000418                Flash_Main
 .text.FLASH_USART1_IRQ_Callback
                0x08000508       0x34 src\src\Flash_Hal.o
                0x08000508                FLASH_USART1_IRQ_Callback
 .text.FLASH_USART1_TX_DMA_IRQ_Callback
                0x0800053c       0x28 src\src\Flash_Hal.o
                0x0800053c                FLASH_USART1_TX_DMA_IRQ_Callback
 .text.FLASH_USART1_RX_DMA_IRQ_Callback
                0x08000564       0x84 src\src\Flash_Hal.o
                0x08000564                FLASH_USART1_RX_DMA_IRQ_Callback
 .text.FLASH_IRQ_Callback
                0x080005e8        0xe src\src\Flash_Hal.o
                0x080005e8                FLASH_IRQ_Callback
 *fill*         0x080005f6        0x2 
 .text.check_errors
                0x080005f8       0xf8 src\src\Flash_Hal.o
 .text.process_command
                0x080006f0      0x3dc src\src\Flash_Hal.o
 .text.Main_IMG_Available
                0x08000acc       0x38 src\src\Flash_Hal.o
                0x08000acc                Main_IMG_Available
 .text.Secondary_IMG_Available
                0x08000b04       0x38 src\src\Flash_Hal.o
                0x08000b04                Secondary_IMG_Available
 .text.Jump_To_Main_IMG
                0x08000b3c      0x158 src\src\Flash_Hal.o
                0x08000b3c                Jump_To_Main_IMG
 .text.Jump_To_Secondary_IMG
                0x08000c94      0x158 src\src\Flash_Hal.o
                0x08000c94                Jump_To_Secondary_IMG
 .text.NVIC_SetPriority
                0x08000dec       0x54 src\src\SysTick.o
 .text.SysTick_Config
                0x08000e40       0x44 src\src\SysTick.o
 .text.SysTick_IncrementTicks_cb
                0x08000e84       0x1c src\src\SysTick.o
                0x08000e84                SysTick_IncrementTicks_cb
 .text.SysTick_Delay
                0x08000ea0       0x30 src\src\SysTick.o
                0x08000ea0                SysTick_Delay
 .text.SysTick_Init
                0x08000ed0       0x48 src\src\SysTick.o
                0x08000ed0                SysTick_Init
 .text.GPIO_Init_LED
                0x08000f18       0x9c src\src\gpio.o
                0x08000f18                GPIO_Init_LED
 .text.GPIO_Init_PB
                0x08000fb4       0x3c src\src\gpio.o
                0x08000fb4                GPIO_Init_PB
 .text.GPIO_Result_PB
                0x08000ff0       0x28 src\src\gpio.o
                0x08000ff0                GPIO_Result_PB
 .text.GPIO_TurnON_LED
                0x08001018       0x4c src\src\gpio.o
                0x08001018                GPIO_TurnON_LED
 .text.GPIO_TurnOFF_LED
                0x08001064       0x4c src\src\gpio.o
                0x08001064                GPIO_TurnOFF_LED
 .text.GPIO_OUT_INIT
                0x080010b0      0x11c src\src\myGPIO.o
                0x080010b0                GPIO_OUT_INIT
 .text.myGPIO_TurnON_LED
                0x080011cc       0x40 src\src\myGPIO.o
                0x080011cc                myGPIO_TurnON_LED
 .text.myGPIO_TurnOFF_LED
                0x0800120c       0x3c src\src\myGPIO.o
                0x0800120c                myGPIO_TurnOFF_LED
 .text.RCC_SystemReset
                0x08001248       0x20 src\src\myRCC.o
                0x08001248                RCC_SystemReset
 .text.strTransmit_with_DMA
                0x08001268       0x54 src\src\myUSART1.o
                0x08001268                strTransmit_with_DMA
 .text.myUSART1_GPIO_Config
                0x080012bc       0x3c src\src\myUSART1.o
                0x080012bc                myUSART1_GPIO_Config
 .text.myUSART1_Enable
                0x080012f8       0x74 src\src\myUSART1.o
                0x080012f8                myUSART1_Enable
 .text.USART1_TX_DMA_Config
                0x0800136c       0xd8 src\src\myUSART1.o
                0x0800136c                USART1_TX_DMA_Config
 .text.NVIC_SetPriorityGrouping
                0x08001444       0x48 src\src\nvic.o
 .text.NVIC_EnableIRQ
                0x0800148c       0x34 src\src\nvic.o
 .text.NVIC_SetPriority
                0x080014c0       0x54 src\src\nvic.o
 .text.NVIC_Init
                0x08001514      0x106 src\src\nvic.o
                0x08001514                NVIC_Init
 *fill*         0x0800161a        0x2 
 .text.Reset_Handler
                0x0800161c       0x50 src\startup_stm32f429x.o
                0x0800161c                Reset_Handler
 .text.Default_Handler
                0x0800166c        0x2 src\startup_stm32f429x.o
                0x0800166c                RTC_Alarm_IRQHandler
                0x0800166c                HASH_RNG_IRQHandler
                0x0800166c                TIM8_CC_IRQHandler
                0x0800166c                UART8_IRQHandler
                0x0800166c                SPI4_IRQHandler
                0x0800166c                TIM1_CC_IRQHandler
                0x0800166c                DMA1_Stream5_IRQHandler
                0x0800166c                PVD_IRQHandler
                0x0800166c                SDIO_IRQHandler
                0x0800166c                TAMP_STAMP_IRQHandler
                0x0800166c                CAN2_RX1_IRQHandler
                0x0800166c                TIM8_TRG_COM_TIM14_IRQHandler
                0x0800166c                TIM1_UP_TIM10_IRQHandler
                0x0800166c                TIM8_UP_TIM13_IRQHandler
                0x0800166c                I2C3_ER_IRQHandler
                0x0800166c                I2C2_EV_IRQHandler
                0x0800166c                DMA1_Stream2_IRQHandler
                0x0800166c                CAN1_RX0_IRQHandler
                0x0800166c                FPU_IRQHandler
                0x0800166c                OTG_HS_WKUP_IRQHandler
                0x0800166c                LTDC_ER_IRQHandler
                0x0800166c                CAN2_SCE_IRQHandler
                0x0800166c                DMA2_Stream2_IRQHandler
                0x0800166c                SPI1_IRQHandler
                0x0800166c                TIM6_DAC_IRQHandler
                0x0800166c                TIM1_BRK_TIM9_IRQHandler
                0x0800166c                DCMI_IRQHandler
                0x0800166c                CAN2_RX0_IRQHandler
                0x0800166c                DMA2_Stream3_IRQHandler
                0x0800166c                USART6_IRQHandler
                0x0800166c                USART3_IRQHandler
                0x0800166c                CRYP_IRQHandler
                0x0800166c                CAN1_RX1_IRQHandler
                0x0800166c                UART5_IRQHandler
                0x0800166c                TIM4_IRQHandler
                0x0800166c                I2C1_EV_IRQHandler
                0x0800166c                DMA1_Stream6_IRQHandler
                0x0800166c                DMA1_Stream1_IRQHandler
                0x0800166c                UART4_IRQHandler
                0x0800166c                TIM3_IRQHandler
                0x0800166c                RCC_IRQHandler
                0x0800166c                TIM8_BRK_TIM12_IRQHandler
                0x0800166c                Default_Handler
                0x0800166c                EXTI15_10_IRQHandler
                0x0800166c                ADC_IRQHandler
                0x0800166c                DMA1_Stream7_IRQHandler
                0x0800166c                SPI5_IRQHandler
                0x0800166c                TIM7_IRQHandler
                0x0800166c                CAN2_TX_IRQHandler
                0x0800166c                TIM5_IRQHandler
                0x0800166c                I2C3_EV_IRQHandler
                0x0800166c                EXTI9_5_IRQHandler
                0x0800166c                RTC_WKUP_IRQHandler
                0x0800166c                LTDC_IRQHandler
                0x0800166c                ETH_WKUP_IRQHandler
                0x0800166c                SPI2_IRQHandler
                0x0800166c                OTG_HS_EP1_IN_IRQHandler
                0x0800166c                DMA1_Stream0_IRQHandler
                0x0800166c                CAN1_TX_IRQHandler
                0x0800166c                EXTI4_IRQHandler
                0x0800166c                ETH_IRQHandler
                0x0800166c                OTG_HS_EP1_OUT_IRQHandler
                0x0800166c                WWDG_IRQHandler
                0x0800166c                SPI6_IRQHandler
                0x0800166c                TIM2_IRQHandler
                0x0800166c                OTG_FS_WKUP_IRQHandler
                0x0800166c                TIM1_TRG_COM_TIM11_IRQHandler
                0x0800166c                OTG_HS_IRQHandler
                0x0800166c                DMA2D_IRQHandler
                0x0800166c                UART7_IRQHandler
                0x0800166c                USART2_IRQHandler
                0x0800166c                I2C2_ER_IRQHandler
                0x0800166c                DMA2_Stream1_IRQHandler
                0x0800166c                CAN1_SCE_IRQHandler
                0x0800166c                DMA2_Stream4_IRQHandler
                0x0800166c                OTG_FS_IRQHandler
                0x0800166c                SPI3_IRQHandler
                0x0800166c                DMA1_Stream4_IRQHandler
                0x0800166c                I2C1_ER_IRQHandler
                0x0800166c                FMC_IRQHandler
                0x0800166c                DMA2_Stream6_IRQHandler
                0x0800166c                SAI1_IRQHandler
                0x0800166c                DMA1_Stream3_IRQHandler
 .text.NMI_Handler
                0x0800166e        0xe src\stm32f4xx_it.o
                0x0800166e                NMI_Handler
 .text.HardFault_Handler
                0x0800167c        0x6 src\stm32f4xx_it.o
                0x0800167c                HardFault_Handler
 .text.MemManage_Handler
                0x08001682        0x6 src\stm32f4xx_it.o
                0x08001682                MemManage_Handler
 .text.BusFault_Handler
                0x08001688        0x6 src\stm32f4xx_it.o
                0x08001688                BusFault_Handler
 .text.UsageFault_Handler
                0x0800168e        0x6 src\stm32f4xx_it.o
                0x0800168e                UsageFault_Handler
 .text.SVC_Handler
                0x08001694        0xe src\stm32f4xx_it.o
                0x08001694                SVC_Handler
 .text.DebugMon_Handler
                0x080016a2        0xe src\stm32f4xx_it.o
                0x080016a2                DebugMon_Handler
 .text.PendSV_Handler
                0x080016b0        0xe src\stm32f4xx_it.o
                0x080016b0                PendSV_Handler
 .text.SysTick_Handler
                0x080016be        0xc src\stm32f4xx_it.o
                0x080016be                SysTick_Handler
 .text.EXTI0_IRQHandler
                0x080016ca        0xc src\stm32f4xx_it.o
                0x080016ca                EXTI0_IRQHandler
 .text.EXTI1_IRQHandler
                0x080016d6        0xe src\stm32f4xx_it.o
                0x080016d6                EXTI1_IRQHandler
 .text.EXTI2_IRQHandler
                0x080016e4        0xe src\stm32f4xx_it.o
                0x080016e4                EXTI2_IRQHandler
 .text.EXTI3_IRQHandler
                0x080016f2        0xe src\stm32f4xx_it.o
                0x080016f2                EXTI3_IRQHandler
 .text.DMA2_Stream0_IRQHandler
                0x08001700       0x2c src\stm32f4xx_it.o
                0x08001700                DMA2_Stream0_IRQHandler
 .text.DMA2_Stream5_IRQHandler
                0x0800172c        0xc src\stm32f4xx_it.o
                0x0800172c                DMA2_Stream5_IRQHandler
 .text.DMA2_Stream7_IRQHandler
                0x08001738        0xc src\stm32f4xx_it.o
                0x08001738                DMA2_Stream7_IRQHandler
 .text.USART1_IRQHandler
                0x08001744        0xc src\stm32f4xx_it.o
                0x08001744                USART1_IRQHandler
 .text.FLASH_IRQHandler
                0x08001750        0xc src\stm32f4xx_it.o
                0x08001750                FLASH_IRQHandler
 .text.SystemInit
                0x0800175c       0x6c src\system_stm32f4xx.o
                0x0800175c                SystemInit
 .text.SystemCoreClockUpdate
                0x080017c8       0xf8 src\system_stm32f4xx.o
                0x080017c8                SystemCoreClockUpdate
 .text.SetSysClock
                0x080018c0       0xf8 src\system_stm32f4xx.o
 .text.__libc_init_array
                0x080019b8       0x48 c:/program files (x86)/atollic/truestudio for stm32 9.3.0/armtools/bin/../lib/gcc/arm-atollic-eabi/6.3.1/../../../../arm-atollic-eabi/lib/armv7e-m/fpu\libc_nano.a(lib_a-init.o)
                0x080019b8                __libc_init_array
 *(.glue_7)
 .glue_7        0x08001a00        0x0 linker stubs
 *(.glue_7t)
 .glue_7t       0x08001a00        0x0 linker stubs
 *(.eh_frame)
 .eh_frame      0x08001a00        0x0 c:/program files (x86)/atollic/truestudio for stm32 9.3.0/armtools/bin/../lib/gcc/arm-atollic-eabi/6.3.1/armv7e-m/fpu/crtbegin.o
 *(.init)
 .init          0x08001a00        0x4 c:/program files (x86)/atollic/truestudio for stm32 9.3.0/armtools/bin/../lib/gcc/arm-atollic-eabi/6.3.1/armv7e-m/fpu/crti.o
                0x08001a00                _init
 .init          0x08001a04        0x8 c:/program files (x86)/atollic/truestudio for stm32 9.3.0/armtools/bin/../lib/gcc/arm-atollic-eabi/6.3.1/armv7e-m/fpu/crtn.o
 *(.fini)
 .fini          0x08001a0c        0x4 c:/program files (x86)/atollic/truestudio for stm32 9.3.0/armtools/bin/../lib/gcc/arm-atollic-eabi/6.3.1/armv7e-m/fpu/crti.o
                0x08001a0c                _fini
 .fini          0x08001a10        0x8 c:/program files (x86)/atollic/truestudio for stm32 9.3.0/armtools/bin/../lib/gcc/arm-atollic-eabi/6.3.1/armv7e-m/fpu/crtn.o
                0x08001a18                . = ALIGN (0x4)
                0x08001a18                _etext = .

.vfp11_veneer   0x08001a18        0x0
 .vfp11_veneer  0x08001a18        0x0 linker stubs

.v4_bx          0x08001a18        0x0
 .v4_bx         0x08001a18        0x0 linker stubs

.iplt           0x08001a18        0x0
 .iplt          0x08001a18        0x0 c:/program files (x86)/atollic/truestudio for stm32 9.3.0/armtools/bin/../lib/gcc/arm-atollic-eabi/6.3.1/armv7e-m/fpu/crtbegin.o

.rel.dyn        0x08001a18        0x0
 .rel.iplt      0x08001a18        0x0 c:/program files (x86)/atollic/truestudio for stm32 9.3.0/armtools/bin/../lib/gcc/arm-atollic-eabi/6.3.1/armv7e-m/fpu/crtbegin.o

.rodata         0x08001a18        0x0
                0x08001a18                . = ALIGN (0x4)
 *(.rodata)
 *(.rodata*)
                0x08001a18                . = ALIGN (0x4)

.ARM.extab
 *(.ARM.extab* .gnu.linkonce.armextab.*)

.ARM            0x08001a18        0x0
                0x08001a18                __exidx_start = .
 *(.ARM.exidx*)
                0x08001a18                __exidx_end = .

.preinit_array  0x08001a18        0x0
                0x08001a18                PROVIDE (__preinit_array_start, .)
 *(.preinit_array*)
                0x08001a18                PROVIDE (__preinit_array_end, .)

.init_array     0x08001a18        0x4
                0x08001a18                PROVIDE (__init_array_start, .)
 *(SORT(.init_array.*))
 *(.init_array*)
 .init_array    0x08001a18        0x4 c:/program files (x86)/atollic/truestudio for stm32 9.3.0/armtools/bin/../lib/gcc/arm-atollic-eabi/6.3.1/armv7e-m/fpu/crtbegin.o
                0x08001a1c                PROVIDE (__init_array_end, .)

.fini_array     0x08001a1c        0x4
                [!provide]                PROVIDE (__fini_array_start, .)
 *(SORT(.fini_array.*))
 *(.fini_array*)
 .fini_array    0x08001a1c        0x4 c:/program files (x86)/atollic/truestudio for stm32 9.3.0/armtools/bin/../lib/gcc/arm-atollic-eabi/6.3.1/armv7e-m/fpu/crtbegin.o
                [!provide]                PROVIDE (__fini_array_end, .)
                0x08001a20                _sidata = LOADADDR (.data)

.data           0x20000000      0x1c4 load address 0x08001a20
                0x20000000                . = ALIGN (0x4)
                0x20000000                _sdata = .
 *(.data)
 *(.data*)
 .data.hello    0x20000000       0x1e src\src\Flash_Hal.o
 *fill*         0x2000001e        0x2 
 .data.select_cmd
                0x20000020       0x24 src\src\Flash_Hal.o
 .data.Lock     0x20000044        0xe src\src\Flash_Hal.o
 *fill*         0x20000052        0x2 
 .data.unlock   0x20000054       0x10 src\src\Flash_Hal.o
 .data.write_data
                0x20000064        0xe src\src\Flash_Hal.o
 *fill*         0x20000072        0x2 
 .data.read_data
                0x20000074        0xd src\src\Flash_Hal.o
 *fill*         0x20000081        0x3 
 .data.erase    0x20000084       0x10 src\src\Flash_Hal.o
 .data.write_protect
                0x20000094       0x14 src\src\Flash_Hal.o
 .data.remove_write_protect
                0x200000a8       0x1b src\src\Flash_Hal.o
 *fill*         0x200000c3        0x1 
 .data.ob_unlock
                0x200000c4       0x17 src\src\Flash_Hal.o
 *fill*         0x200000db        0x1 
 .data.ob_lock  0x200000dc       0x15 src\src\Flash_Hal.o
 *fill*         0x200000f1        0x3 
 .data.jump     0x200000f4       0x10 src\src\Flash_Hal.o
 .data.line     0x20000104       0x2f src\src\Flash_Hal.o
 *fill*         0x20000133        0x1 
 .data.error_PGSERR
                0x20000134       0x1b src\src\Flash_Hal.o
 *fill*         0x2000014f        0x1 
 .data.error_PGPERR
                0x20000150       0x1e src\src\Flash_Hal.o
 *fill*         0x2000016e        0x2 
 .data.error_PGAERR
                0x20000170       0x1c src\src\Flash_Hal.o
 .data.error_WRPERR
                0x2000018c       0x17 src\src\Flash_Hal.o
 *fill*         0x200001a3        0x1 
 .data.ACK      0x200001a4        0x4 src\src\Flash_Hal.o
 .data.NACK     0x200001a8        0x5 src\src\Flash_Hal.o
 *fill*         0x200001ad        0x3 
 .data.SystemCoreClock
                0x200001b0        0x4 src\system_stm32f4xx.o
                0x200001b0                SystemCoreClock
 .data.AHBPrescTable
                0x200001b4       0x10 src\system_stm32f4xx.o
                0x200001b4                AHBPrescTable
                0x200001c4                . = ALIGN (0x4)
                0x200001c4                _edata = .
                0x08001be4                _siccmram = LOADADDR (.ccmram)

.igot.plt       0x200001c4        0x0 load address 0x08001be4
 .igot.plt      0x200001c4        0x0 c:/program files (x86)/atollic/truestudio for stm32 9.3.0/armtools/bin/../lib/gcc/arm-atollic-eabi/6.3.1/armv7e-m/fpu/crtbegin.o

.ccmram         0x10000000        0x0 load address 0x08001be4
                0x10000000                . = ALIGN (0x4)
                0x10000000                _sccmram = .
 *(.ccmram)
 *(.ccmram*)
                0x10000000                . = ALIGN (0x4)
                0x10000000                _eccmram = .
                0x10000000                . = ALIGN (0x4)

.bss            0x200001c4      0x2f0
                0x200001c4                _sbss = .
                0x200001c4                __bss_start__ = _sbss
 *(.bss)
 .bss           0x200001c4       0x1c c:/program files (x86)/atollic/truestudio for stm32 9.3.0/armtools/bin/../lib/gcc/arm-atollic-eabi/6.3.1/armv7e-m/fpu/crtbegin.o
 *(.bss*)
 .bss.SysTickCounter
                0x200001e0        0x4 src\src\SysTick.o
                0x200001e0                SysTickCounter
 *(COMMON)
 COMMON         0x200001e4      0x2d0 src\main.o
                0x200001e4                DMA2_Interrupt_TranseferComplete_ISR_Callback_PTR
                0x200001e8                USART1_CTS_callBack_function_pointer
                0x200001ec                currentIRQStatus
                0x200001ed                Flash_currentState
                0x200001f0                DMA2_Interrupt_FifoOverrun_ISR_Callback_PTR
                0x200001f4                currentState
                0x200001f8                DMA2_Interrupt_DirectModeError_ISR_Callback_PTR
                0x200001fc                Flash_ISR_State_Var
                0x200001fd                TxMessageLength
                0x200001fe                RxMessageLength
                0x200001ff                RxChar
                0x20000200                USART1_TRANSMIT_COMPLETE_callBack_function_pointer
                0x20000204                PushButton_Result
                0x20000205                RX_FLAG
                0x20000208                TxDMABuffer
                0x20000288                USART1_OVERRUN_ERROR_callBack_function_pointer
                0x2000028c                FlashRxBuffer
                0x2000030c                USART1_IDLE_LINE_DETECT_callBack_function_pointer
                0x20000310                RxDMABuffer
                0x20000390                currentErrorStatus
                0x20000394                RxBuffer
                0x20000418                DMA2_Interrupt_HalfTransfere_ISR_Callback_PTR
                0x2000041c                USART1_PARITY_ERROR_callBack_function_pointer
                0x20000420                FlashRxMessageLength
                0x20000424                DMA2_Interrupt_TransfereError_ISR_Callback_PTR
                0x20000428                USART1_TRANSMIT_DATA_EMPTY_callBack_function_pointer
                0x2000042c                USART1_RECIEVE_callBack_function_pointer
                0x20000430                FlashRxDMABuffer
                0x200004b0                USART1_BREAK_FLAG_callBack_function_pointer
                0x200004b4                . = ALIGN (0x4)
                0x200004b4                _ebss = .
                0x200004b4                __bss_end__ = _ebss

._user_heap_stack
                0x200004b4      0x400
                0x200004b4                . = ALIGN (0x4)
                [!provide]                PROVIDE (end, .)
                [!provide]                PROVIDE (_end, .)
                0x200004b4                . = (. + _Min_Heap_Size)
                0x200008b4                . = (. + _Min_Stack_Size)
 *fill*         0x200004b4      0x400 
                0x200008b4                . = ALIGN (0x4)

.memory_b1_text
 *(.mb1text)
 *(.mb1text*)
 *(.mb1rodata)
 *(.mb1rodata*)

/DISCARD/
 libc.a(*)
 libm.a(*)
 libgcc.a(*)

.ARM.attributes
                0x00000000       0x30
 *(.ARM.attributes)
 .ARM.attributes
                0x00000000       0x22 c:/program files (x86)/atollic/truestudio for stm32 9.3.0/armtools/bin/../lib/gcc/arm-atollic-eabi/6.3.1/armv7e-m/fpu/crti.o
 .ARM.attributes
                0x00000022       0x34 c:/program files (x86)/atollic/truestudio for stm32 9.3.0/armtools/bin/../lib/gcc/arm-atollic-eabi/6.3.1/armv7e-m/fpu/crtbegin.o
 .ARM.attributes
                0x00000056       0x39 src\main.o
 .ARM.attributes
                0x0000008f       0x39 src\src\DMA.o
 .ARM.attributes
                0x000000c8       0x39 src\src\Flash_Hal.o
 .ARM.attributes
                0x00000101       0x39 src\src\SysTick.o
 .ARM.attributes
                0x0000013a       0x39 src\src\gpio.o
 .ARM.attributes
                0x00000173       0x39 src\src\myGPIO.o
 .ARM.attributes
                0x000001ac       0x39 src\src\myRCC.o
 .ARM.attributes
                0x000001e5       0x39 src\src\myUSART1.o
 .ARM.attributes
                0x0000021e       0x39 src\src\nvic.o
 .ARM.attributes
                0x00000257       0x21 src\startup_stm32f429x.o
 .ARM.attributes
                0x00000278       0x39 src\stm32f4xx_it.o
 .ARM.attributes
                0x000002b1       0x39 src\system_stm32f4xx.o
 .ARM.attributes
                0x000002ea       0x34 c:/program files (x86)/atollic/truestudio for stm32 9.3.0/armtools/bin/../lib/gcc/arm-atollic-eabi/6.3.1/../../../../arm-atollic-eabi/lib/armv7e-m/fpu\libc_nano.a(lib_a-init.o)
 .ARM.attributes
                0x0000031e       0x22 c:/program files (x86)/atollic/truestudio for stm32 9.3.0/armtools/bin/../lib/gcc/arm-atollic-eabi/6.3.1/armv7e-m/fpu/crtn.o
OUTPUT(BootloaderV1.elf elf32-littlearm)

.debug_info     0x00000000     0x53a1
 .debug_info    0x00000000      0x4bf src\main.o
 .debug_info    0x000004bf      0x77e src\src\DMA.o
 .debug_info    0x00000c3d     0x108a src\src\Flash_Hal.o
 .debug_info    0x00001cc7      0x73e src\src\SysTick.o
 .debug_info    0x00002405      0x4b0 src\src\gpio.o
 .debug_info    0x000028b5      0x754 src\src\myGPIO.o
 .debug_info    0x00003009      0x43d src\src\myRCC.o
 .debug_info    0x00003446      0xc94 src\src\myUSART1.o
 .debug_info    0x000040da      0x6b8 src\src\nvic.o
 .debug_info    0x00004792       0x8f src\startup_stm32f429x.o
 .debug_info    0x00004821      0x589 src\stm32f4xx_it.o
 .debug_info    0x00004daa      0x5f7 src\system_stm32f4xx.o

.debug_abbrev   0x00000000     0x1164
 .debug_abbrev  0x00000000      0x149 src\main.o
 .debug_abbrev  0x00000149      0x184 src\src\DMA.o
 .debug_abbrev  0x000002cd      0x271 src\src\Flash_Hal.o
 .debug_abbrev  0x0000053e      0x1dc src\src\SysTick.o
 .debug_abbrev  0x0000071a      0x14f src\src\gpio.o
 .debug_abbrev  0x00000869      0x18b src\src\myGPIO.o
 .debug_abbrev  0x000009f4      0x14f src\src\myRCC.o
 .debug_abbrev  0x00000b43      0x22f src\src\myUSART1.o
 .debug_abbrev  0x00000d72      0x16c src\src\nvic.o
 .debug_abbrev  0x00000ede       0x12 src\startup_stm32f429x.o
 .debug_abbrev  0x00000ef0      0x11c src\stm32f4xx_it.o
 .debug_abbrev  0x0000100c      0x158 src\system_stm32f4xx.o

.debug_aranges  0x00000000      0x4d0
 .debug_aranges
                0x00000000       0x28 src\main.o
 .debug_aranges
                0x00000028      0x120 src\src\DMA.o
 .debug_aranges
                0x00000148       0xa0 src\src\Flash_Hal.o
 .debug_aranges
                0x000001e8       0x48 src\src\SysTick.o
 .debug_aranges
                0x00000230       0x40 src\src\gpio.o
 .debug_aranges
                0x00000270       0x50 src\src\myGPIO.o
 .debug_aranges
                0x000002c0       0x38 src\src\myRCC.o
 .debug_aranges
                0x000002f8       0xa0 src\src\myUSART1.o
 .debug_aranges
                0x00000398       0x38 src\src\nvic.o
 .debug_aranges
                0x000003d0       0x28 src\startup_stm32f429x.o
 .debug_aranges
                0x000003f8       0xa8 src\stm32f4xx_it.o
 .debug_aranges
                0x000004a0       0x30 src\system_stm32f4xx.o

.debug_ranges   0x00000000      0x448
 .debug_ranges  0x00000000       0x18 src\main.o
 .debug_ranges  0x00000018      0x110 src\src\DMA.o
 .debug_ranges  0x00000128       0x90 src\src\Flash_Hal.o
 .debug_ranges  0x000001b8       0x38 src\src\SysTick.o
 .debug_ranges  0x000001f0       0x30 src\src\gpio.o
 .debug_ranges  0x00000220       0x40 src\src\myGPIO.o
 .debug_ranges  0x00000260       0x28 src\src\myRCC.o
 .debug_ranges  0x00000288       0xc0 src\src\myUSART1.o
 .debug_ranges  0x00000348       0x28 src\src\nvic.o
 .debug_ranges  0x00000370       0x20 src\startup_stm32f429x.o
 .debug_ranges  0x00000390       0x98 src\stm32f4xx_it.o
 .debug_ranges  0x00000428       0x20 src\system_stm32f4xx.o

.debug_line     0x00000000     0x22f3
 .debug_line    0x00000000      0x288 src\main.o
 .debug_line    0x00000288      0x3c7 src\src\DMA.o
 .debug_line    0x0000064f      0x5d6 src\src\Flash_Hal.o
 .debug_line    0x00000c25      0x22d src\src\SysTick.o
 .debug_line    0x00000e52      0x271 src\src\gpio.o
 .debug_line    0x000010c3      0x2c1 src\src\myGPIO.o
 .debug_line    0x00001384      0x262 src\src\myRCC.o
 .debug_line    0x000015e6      0x4f2 src\src\myUSART1.o
 .debug_line    0x00001ad8      0x204 src\src\nvic.o
 .debug_line    0x00001cdc       0x7a src\startup_stm32f429x.o
 .debug_line    0x00001d56      0x37f src\stm32f4xx_it.o
 .debug_line    0x000020d5      0x21e src\system_stm32f4xx.o

.debug_str      0x00000000     0x1f7f
 .debug_str     0x00000000      0x6a3 src\main.o
                                0x76f (size before relaxing)
 .debug_str     0x000006a3      0x564 src\src\DMA.o
                                0x801 (size before relaxing)
 .debug_str     0x00000c07      0x4d3 src\src\Flash_Hal.o
                                0xc11 (size before relaxing)
 .debug_str     0x000010da      0x658 src\src\SysTick.o
                                0x8f8 (size before relaxing)
 .debug_str     0x00001732       0x93 src\src\gpio.o
                                0x42e (size before relaxing)
 .debug_str     0x000017c5      0x23a src\src\myGPIO.o
                                0x5ea (size before relaxing)
 .debug_str     0x000019ff       0xe8 src\src\myRCC.o
                                0x478 (size before relaxing)
 .debug_str     0x00001ae7      0x241 src\src\myUSART1.o
                                0xb64 (size before relaxing)
 .debug_str     0x00001d28       0x6d src\src\nvic.o
                                0x8a1 (size before relaxing)
 .debug_str     0x00001d95      0x155 src\stm32f4xx_it.o
                                0x884 (size before relaxing)
 .debug_str     0x00001eea       0x95 src\system_stm32f4xx.o
                                0x432 (size before relaxing)

.comment        0x00000000       0x7c
 .comment       0x00000000       0x7c src\main.o
                                 0x7d (size before relaxing)
 .comment       0x0000007c       0x7d src\src\DMA.o
 .comment       0x0000007c       0x7d src\src\Flash_Hal.o
 .comment       0x0000007c       0x7d src\src\SysTick.o
 .comment       0x0000007c       0x7d src\src\gpio.o
 .comment       0x0000007c       0x7d src\src\myGPIO.o
 .comment       0x0000007c       0x7d src\src\myRCC.o
 .comment       0x0000007c       0x7d src\src\myUSART1.o
 .comment       0x0000007c       0x7d src\src\nvic.o
 .comment       0x0000007c       0x7d src\stm32f4xx_it.o
 .comment       0x0000007c       0x7d src\system_stm32f4xx.o

.debug_frame    0x00000000     0x10e0
 .debug_frame   0x00000000       0x4c src\main.o
 .debug_frame   0x0000004c      0x508 src\src\DMA.o
 .debug_frame   0x00000554      0x244 src\src\Flash_Hal.o
 .debug_frame   0x00000798       0xe8 src\src\SysTick.o
 .debug_frame   0x00000880       0xd0 src\src\gpio.o
 .debug_frame   0x00000950      0x130 src\src\myGPIO.o
 .debug_frame   0x00000a80       0x8c src\src\myRCC.o
 .debug_frame   0x00000b0c      0x274 src\src\myUSART1.o
 .debug_frame   0x00000d80       0xa4 src\src\nvic.o
 .debug_frame   0x00000e24      0x214 src\stm32f4xx_it.o
 .debug_frame   0x00001038       0x7c src\system_stm32f4xx.o
 .debug_frame   0x000010b4       0x2c c:/program files (x86)/atollic/truestudio for stm32 9.3.0/armtools/bin/../lib/gcc/arm-atollic-eabi/6.3.1/../../../../arm-atollic-eabi/lib/armv7e-m/fpu\libc_nano.a(lib_a-init.o)

Cross Reference Table

Symbol                                            File
ADC_IRQHandler                                    src\startup_stm32f429x.o
AHBPrescTable                                     src\system_stm32f4xx.o
Basic_Timer_TIM6_Auto_Reload_Set                  src\src\Bassic_Timer.o
Basic_Timer_TIM6_INIT                             src\src\Bassic_Timer.o
Basic_Timer_TIM6_Set_prescaler                    src\src\Bassic_Timer.o
Basic_Timer_TIM6_Update_Event                     src\src\Bassic_Timer.o
BusFault_Handler                                  src\stm32f4xx_it.o
                                                  src\startup_stm32f429x.o
CAN1_RX0_IRQHandler                               src\startup_stm32f429x.o
CAN1_RX1_IRQHandler                               src\startup_stm32f429x.o
CAN1_SCE_IRQHandler                               src\startup_stm32f429x.o
CAN1_TX_IRQHandler                                src\startup_stm32f429x.o
CAN2_RX0_IRQHandler                               src\startup_stm32f429x.o
CAN2_RX1_IRQHandler                               src\startup_stm32f429x.o
CAN2_SCE_IRQHandler                               src\startup_stm32f429x.o
CAN2_TX_IRQHandler                                src\startup_stm32f429x.o
CRYP_IRQHandler                                   src\startup_stm32f429x.o
DCMI_IRQHandler                                   src\startup_stm32f429x.o
DMA1_Stream0_IRQHandler                           src\startup_stm32f429x.o
DMA1_Stream1_IRQHandler                           src\startup_stm32f429x.o
DMA1_Stream2_IRQHandler                           src\startup_stm32f429x.o
DMA1_Stream3_IRQHandler                           src\startup_stm32f429x.o
DMA1_Stream4_IRQHandler                           src\startup_stm32f429x.o
DMA1_Stream5_IRQHandler                           src\startup_stm32f429x.o
DMA1_Stream6_IRQHandler                           src\startup_stm32f429x.o
DMA1_Stream7_IRQHandler                           src\startup_stm32f429x.o
DMA2D_IRQHandler                                  src\startup_stm32f429x.o
DMA2_Address_Set                                  src\src\DMA.o
DMA2_Channel_Set                                  src\src\DMA.o
DMA2_Circular_Mode_Enable                         src\src\DMA.o
DMA2_Data_Size_Set                                src\src\DMA.o
DMA2_Disable                                      src\src\DMA.o
DMA2_Double_Buffer_Mode_Enable                    src\src\DMA.o
DMA2_Enable                                       src\src\DMA.o
DMA2_FIFO_Control                                 src\src\DMA.o
DMA2_FIFO_Status_Check                            src\src\DMA.o
DMA2_General_INIT                                 src\src\DMA.o
DMA2_Incrementation_Control                       src\src\DMA.o
DMA2_Interrupt_DirectModeError_ISR_Callback_PTR   src\stm32f4xx_it.o
                                                  src\src\myUSART1.o
                                                  src\src\Flash_Hal.o
                                                  src\src\DMA.o
                                                  src\main.o
DMA2_Interrupt_DirectModeError_ISR_Callback_set   src\src\DMA.o
DMA2_Interrupt_FifoOverrun_ISR_Callback_PTR       src\stm32f4xx_it.o
                                                  src\src\myUSART1.o
                                                  src\src\Flash_Hal.o
                                                  src\src\DMA.o
                                                  src\main.o
DMA2_Interrupt_FifoOverrun_ISR_Callback_set       src\src\DMA.o
DMA2_Interrupt_HalfTransfere_ISR_Callback_PTR     src\stm32f4xx_it.o
                                                  src\src\myUSART1.o
                                                  src\src\Flash_Hal.o
                                                  src\src\DMA.o
                                                  src\main.o
DMA2_Interrupt_HalfTransfere_ISR_Callback_set     src\src\DMA.o
DMA2_Interrupt_Mask_Clear                         src\src\DMA.o
DMA2_Interrupt_Mask_Set                           src\src\DMA.o
DMA2_Interrupt_Status_Raw_Check                   src\src\DMA.o
DMA2_Interrupt_TranseferComplete_ISR_Callback_PTR src\stm32f4xx_it.o
                                                  src\src\myUSART1.o
                                                  src\src\Flash_Hal.o
                                                  src\src\DMA.o
                                                  src\main.o
DMA2_Interrupt_TranseferComplete_ISR_Callback_set src\src\DMA.o
DMA2_Interrupt_TransfereError_ISR_Callback_PTR    src\stm32f4xx_it.o
                                                  src\src\myUSART1.o
                                                  src\src\Flash_Hal.o
                                                  src\src\DMA.o
                                                  src\main.o
DMA2_Interrupt_TransfereError_ISR_Callback_set    src\src\DMA.o
DMA2_Item_Number_Set                              src\src\DMA.o
DMA2_Memory2Memory_Address_Set                    src\src\DMA.o
DMA2_Priority_Set                                 src\src\DMA.o
DMA2_Stream0_IRQHandler                           src\stm32f4xx_it.o
                                                  src\startup_stm32f429x.o
DMA2_Stream1_IRQHandler                           src\startup_stm32f429x.o
DMA2_Stream2_IRQHandler                           src\startup_stm32f429x.o
DMA2_Stream3_IRQHandler                           src\startup_stm32f429x.o
DMA2_Stream4_IRQHandler                           src\startup_stm32f429x.o
DMA2_Stream5_INIT                                 src\src\DMA.o
DMA2_Stream5_IRQHandler                           src\stm32f4xx_it.o
                                                  src\startup_stm32f429x.o
DMA2_Stream5_Interruptr_ISR                       src\src\DMA.o
DMA2_Stream6_IRQHandler                           src\startup_stm32f429x.o
DMA2_Stream7_IRQHandler                           src\stm32f4xx_it.o
                                                  src\startup_stm32f429x.o
DMA2_Stream_0_Enable                              src\src\DMA.o
DMA2_Stream_0_Init                                src\src\DMA.o
DMA2_Stream_0_Set_Addresses_M2M                   src\src\DMA.o
DMA2_Stream_5_Enable                              src\src\DMA.o
                                                  src\src\myUSART1.o
DMA2_Stream_7_Enable                              src\src\DMA.o
DMA2_Stream_7_Init                                src\src\DMA.o
DMA2_Stream_7_Set_Addresses                       src\src\DMA.o
DMA2_Transefere_Mode_set                          src\src\DMA.o
DMA2_Transefere_direction_set                     src\src\DMA.o
DebugMon_Handler                                  src\stm32f4xx_it.o
                                                  src\startup_stm32f429x.o
Default_Handler                                   src\startup_stm32f429x.o
ETH_IRQHandler                                    src\startup_stm32f429x.o
ETH_WKUP_IRQHandler                               src\startup_stm32f429x.o
EXTI0_IRQHandler                                  src\stm32f4xx_it.o
                                                  src\startup_stm32f429x.o
EXTI15_10_IRQHandler                              src\startup_stm32f429x.o
EXTI1_IRQHandler                                  src\stm32f4xx_it.o
                                                  src\startup_stm32f429x.o
EXTI2_IRQHandler                                  src\stm32f4xx_it.o
                                                  src\startup_stm32f429x.o
EXTI3_IRQHandler                                  src\stm32f4xx_it.o
                                                  src\startup_stm32f429x.o
EXTI4_IRQHandler                                  src\startup_stm32f429x.o
EXTI9_5_IRQHandler                                src\startup_stm32f429x.o
EXTI_CLEAR_PENDING                                src\src\myEXIT.o
EXTI_Init                                         src\src\myEXIT.o
EXTI_Init_PB                                      src\src\exti.o
EXTI_MUSKING                                      src\src\myEXIT.o
EXTI_SW_ENABLE                                    src\src\myEXIT.o
FLASH_IRQHandler                                  src\stm32f4xx_it.o
                                                  src\startup_stm32f429x.o
FLASH_IRQ_Callback                                src\src\Flash_Hal.o
                                                  src\stm32f4xx_it.o
FLASH_USART1_IRQ_Callback                         src\src\Flash_Hal.o
                                                  src\stm32f4xx_it.o
FLASH_USART1_RX_DMA_IRQ_Callback                  src\src\Flash_Hal.o
                                                  src\stm32f4xx_it.o
FLASH_USART1_TX_DMA_IRQ_Callback                  src\src\Flash_Hal.o
                                                  src\stm32f4xx_it.o
FMC_IRQHandler                                    src\startup_stm32f429x.o
FPU_IRQHandler                                    src\startup_stm32f429x.o
FlashRxBuffer                                     src\stm32f4xx_it.o
                                                  src\src\Flash_Hal.o
                                                  src\main.o
FlashRxDMABuffer                                  src\stm32f4xx_it.o
                                                  src\src\Flash_Hal.o
                                                  src\main.o
FlashRxMessageLength                              src\stm32f4xx_it.o
                                                  src\src\Flash_Hal.o
                                                  src\main.o
Flash_ISR_State_Var                               src\stm32f4xx_it.o
                                                  src\src\Flash_Hal.o
                                                  src\main.o
Flash_Init                                        src\src\Flash_Hal.o
                                                  src\main.o
Flash_Main                                        src\src\Flash_Hal.o
                                                  src\main.o
Flash_USART1_Enable                               src\src\Flash_Hal.o
Flash_USART1_GPIO_Config                          src\src\Flash_Hal.o
                                                  src\main.o
Flash_USART1_Init                                 src\src\Flash_Hal.o
                                                  src\main.o
Flash_USART1_RX_DMA_Config                        src\src\Flash_Hal.o
                                                  src\main.o
Flash_USART1_TX_DMA_Config                        src\src\Flash_Hal.o
                                                  src\main.o
Flash_currentState                                src\stm32f4xx_it.o
                                                  src\src\Flash_Hal.o
                                                  src\main.o
GPIO_IN_INIT                                      src\src\myGPIO.o
GPIO_IN_value                                     src\src\myGPIO.o
GPIO_Init_LED                                     src\src\gpio.o
                                                  src\main.o
GPIO_Init_PB                                      src\src\gpio.o
                                                  src\main.o
GPIO_OUT_INIT                                     src\src\myGPIO.o
                                                  src\src\myUSART1.o
GPIO_OUT_VALUE                                    src\src\myGPIO.o
GPIO_Result_PB                                    src\src\gpio.o
                                                  src\main.o
GPIO_Toggle_LED                                   src\src\myGeneral_Purpose_Timer_T2_T5.o
GPIO_TurnOFF_LED                                  src\src\gpio.o
                                                  src\src\myRCC.o
                                                  src\main.o
GPIO_TurnON_LED                                   src\src\gpio.o
                                                  src\src\myRCC.o
                                                  src\main.o
GPT_Timer_3_Auto_Reload_Set                       src\src\GPT_2TO5.o
GPT_Timer_3_Enable                                src\src\GPT_2TO5.o
GPT_Timer_3_Get_counter                           src\src\GPT_2TO5.o
GPT_Timer_3_Init                                  src\src\GPT_2TO5.o
GPT_Timer_3_Set_Prescaler                         src\src\GPT_2TO5.o
GPT_Timer_4_Auto_Reload_Set                       src\src\GPT_2TO5.o
GPT_Timer_4_Enable                                src\src\GPT_2TO5.o
GPT_Timer_4_Get_counter                           src\src\GPT_2TO5.o
GPT_Timer_4_Init                                  src\src\GPT_2TO5.o
GPT_Timer_4_Set_Prescaler                         src\src\GPT_2TO5.o
HASH_RNG_IRQHandler                               src\startup_stm32f429x.o
HardFault_Handler                                 src\stm32f4xx_it.o
                                                  src\startup_stm32f429x.o
I2C1_ER_IRQHandler                                src\startup_stm32f429x.o
I2C1_EV_IRQHandler                                src\startup_stm32f429x.o
I2C2_ER_IRQHandler                                src\startup_stm32f429x.o
I2C2_EV_IRQHandler                                src\startup_stm32f429x.o
I2C3_ER_IRQHandler                                src\startup_stm32f429x.o
I2C3_EV_IRQHandler                                src\startup_stm32f429x.o
IRQ_Init                                          src\src\myIRQ.o
Jump_To_Main_IMG                                  src\src\Flash_Hal.o
                                                  src\main.o
Jump_To_Secondary_IMG                             src\src\Flash_Hal.o
                                                  src\main.o
LTDC_ER_IRQHandler                                src\startup_stm32f429x.o
LTDC_IRQHandler                                   src\startup_stm32f429x.o
Main_IMG_Available                                src\src\Flash_Hal.o
                                                  src\main.o
MemManage_Handler                                 src\stm32f4xx_it.o
                                                  src\startup_stm32f429x.o
MyIRQs                                            src\src\myIRQ.o
NMI_Handler                                       src\stm32f4xx_it.o
                                                  src\startup_stm32f429x.o
NVIC_Init                                         src\src\nvic.o
                                                  src\main.o
OTG_FS_IRQHandler                                 src\startup_stm32f429x.o
OTG_FS_WKUP_IRQHandler                            src\startup_stm32f429x.o
OTG_HS_EP1_IN_IRQHandler                          src\startup_stm32f429x.o
OTG_HS_EP1_OUT_IRQHandler                         src\startup_stm32f429x.o
OTG_HS_IRQHandler                                 src\startup_stm32f429x.o
OTG_HS_WKUP_IRQHandler                            src\startup_stm32f429x.o
PVD_IRQHandler                                    src\startup_stm32f429x.o
PendSV_Handler                                    src\stm32f4xx_it.o
                                                  src\startup_stm32f429x.o
PushButton_Result                                 src\main.o
RCC_ClockOut_Setup                                src\src\myRCC.o
RCC_DetectResetSource                             src\src\myRCC.o
RCC_IRQHandler                                    src\startup_stm32f429x.o
RCC_ProcessReset                                  src\src\myRCC.o
RCC_SystemReset                                   src\src\myRCC.o
                                                  src\stm32f4xx_it.o
RTC_Alarm_IRQHandler                              src\startup_stm32f429x.o
RTC_WKUP_IRQHandler                               src\startup_stm32f429x.o
RX_FLAG                                           src\stm32f4xx_it.o
                                                  src\src\myUSART1.o
                                                  src\src\Flash_Hal.o
                                                  src\main.o
Reset_Handler                                     src\startup_stm32f429x.o
RxBuffer                                          src\stm32f4xx_it.o
                                                  src\src\myUSART1.o
                                                  src\src\Flash_Hal.o
                                                  src\main.o
RxChar                                            src\stm32f4xx_it.o
                                                  src\src\myUSART1.o
                                                  src\src\Flash_Hal.o
                                                  src\main.o
RxDMABuffer                                       src\stm32f4xx_it.o
                                                  src\src\myUSART1.o
                                                  src\src\Flash_Hal.o
                                                  src\main.o
RxMessageLength                                   src\stm32f4xx_it.o
                                                  src\src\myUSART1.o
                                                  src\src\Flash_Hal.o
                                                  src\main.o
SAI1_IRQHandler                                   src\startup_stm32f429x.o
SDIO_IRQHandler                                   src\startup_stm32f429x.o
SPI1_IRQHandler                                   src\startup_stm32f429x.o
SPI2_IRQHandler                                   src\startup_stm32f429x.o
SPI3_IRQHandler                                   src\startup_stm32f429x.o
SPI4_IRQHandler                                   src\startup_stm32f429x.o
SPI5_IRQHandler                                   src\startup_stm32f429x.o
SPI6_IRQHandler                                   src\startup_stm32f429x.o
SVC_Handler                                       src\stm32f4xx_it.o
                                                  src\startup_stm32f429x.o
Secondary_IMG_Available                           src\src\Flash_Hal.o
                                                  src\main.o
SysTickCounter                                    src\src\SysTick.o
SysTick_Delay                                     src\src\SysTick.o
                                                  src\src\myRCC.o
                                                  src\main.o
SysTick_GetCurrentTick                            src\src\SysTick.o
SysTick_Handler                                   src\stm32f4xx_it.o
                                                  src\startup_stm32f429x.o
SysTick_IncrementTicks_cb                         src\src\SysTick.o
                                                  src\stm32f4xx_it.o
SysTick_Init                                      src\src\SysTick.o
                                                  src\main.o
SystemCoreClock                                   src\system_stm32f4xx.o
                                                  src\src\SysTick.o
                                                  src\src\Flash_Hal.o
SystemCoreClockUpdate                             src\system_stm32f4xx.o
                                                  src\src\SysTick.o
SystemInit                                        src\system_stm32f4xx.o
                                                  src\startup_stm32f429x.o
TAMP_STAMP_IRQHandler                             src\startup_stm32f429x.o
TIM1_BRK_TIM9_IRQHandler                          src\startup_stm32f429x.o
TIM1_CC_IRQHandler                                src\startup_stm32f429x.o
TIM1_TRG_COM_TIM11_IRQHandler                     src\startup_stm32f429x.o
TIM1_UP_TIM10_IRQHandler                          src\startup_stm32f429x.o
TIM2_IRQHandler                                   src\startup_stm32f429x.o
TIM3_DownCount_Config                             src\src\myGeneral_Purpose_Timer_T2_T5.o
TIM3_IRQHandler                                   src\startup_stm32f429x.o
TIM4_IRQHandler                                   src\startup_stm32f429x.o
TIM4_IRQ_Callback                                 src\src\myGeneral_Purpose_Timer_T2_T5.o
TIM4_UpDownCount_Config                           src\src\myGeneral_Purpose_Timer_T2_T5.o
TIM5_IRQHandler                                   src\startup_stm32f429x.o
TIM6_DAC_IRQHandler                               src\startup_stm32f429x.o
TIM6_UpCount_Config                               src\src\myGeneral_Purpose_Timer_T2_T5.o
TIM7_IRQHandler                                   src\startup_stm32f429x.o
TIM8_BRK_TIM12_IRQHandler                         src\startup_stm32f429x.o
TIM8_CC_IRQHandler                                src\startup_stm32f429x.o
TIM8_TRG_COM_TIM14_IRQHandler                     src\startup_stm32f429x.o
TIM8_UP_TIM13_IRQHandler                          src\startup_stm32f429x.o
TxDMABuffer                                       src\stm32f4xx_it.o
                                                  src\src\myUSART1.o
                                                  src\src\Flash_Hal.o
                                                  src\main.o
TxMessageLength                                   src\stm32f4xx_it.o
                                                  src\src\myUSART1.o
                                                  src\src\Flash_Hal.o
                                                  src\main.o
UART4_IRQHandler                                  src\startup_stm32f429x.o
UART5_IRQHandler                                  src\startup_stm32f429x.o
UART7_IRQHandler                                  src\startup_stm32f429x.o
UART8_IRQHandler                                  src\startup_stm32f429x.o
USART1_BREAK_FLAG_callBack_function_pointer       src\stm32f4xx_it.o
                                                  src\src\myUSART1.o
                                                  src\src\Flash_Hal.o
                                                  src\main.o
USART1_CHAR_Receive                               src\src\myUSART1.o
USART1_CHAR_Transmit                              src\src\myUSART1.o
USART1_CTS_callBack_function_pointer              src\stm32f4xx_it.o
                                                  src\src\myUSART1.o
                                                  src\src\Flash_Hal.o
                                                  src\main.o
USART1_IDLE_LINE_DETECT_callBack_function_pointer src\stm32f4xx_it.o
                                                  src\src\myUSART1.o
                                                  src\src\Flash_Hal.o
                                                  src\main.o
USART1_IRQHandler                                 src\stm32f4xx_it.o
                                                  src\startup_stm32f429x.o
USART1_IRQ_Callback                               src\src\myUSART1.o
USART1_OVERRUN_ERROR_callBack_function_pointer    src\stm32f4xx_it.o
                                                  src\src\myUSART1.o
                                                  src\src\Flash_Hal.o
                                                  src\main.o
USART1_PARITY_ERROR_callBack_function_pointer     src\stm32f4xx_it.o
                                                  src\src\myUSART1.o
                                                  src\src\Flash_Hal.o
                                                  src\main.o
USART1_Process_with_DMA                           src\src\myUSART1.o
USART1_RECIEVE_CallBack_function_Set              src\src\myUSART1.o
USART1_RECIEVE_callBack_function_pointer          src\stm32f4xx_it.o
                                                  src\src\myUSART1.o
                                                  src\src\Flash_Hal.o
                                                  src\main.o
USART1_RX_DMA_Config                              src\src\myUSART1.o
USART1_RX_DMA_IRQ_Callback                        src\src\myUSART1.o
USART1_Recive_IRQ_Callback                        src\main.o
USART1_STR_Transmit                               src\src\myUSART1.o
USART1_TRANSMIT_COMPLETE_callBack_function_pointer src\stm32f4xx_it.o
                                                  src\src\myUSART1.o
                                                  src\src\Flash_Hal.o
                                                  src\main.o
USART1_TRANSMIT_DATA_EMPTY_callBack_function_pointer src\stm32f4xx_it.o
                                                  src\src\myUSART1.o
                                                  src\src\Flash_Hal.o
                                                  src\main.o
USART1_TX_DMA_Config                              src\src\myUSART1.o
                                                  src\src\Flash_Hal.o
USART1_TX_DMA_IRQ_Callback                        src\src\myUSART1.o
USART2_IRQHandler                                 src\startup_stm32f429x.o
USART3_IRQHandler                                 src\startup_stm32f429x.o
USART6_IRQHandler                                 src\startup_stm32f429x.o
UsageFault_Handler                                src\stm32f4xx_it.o
                                                  src\startup_stm32f429x.o
WWDG_IRQHandler                                   src\startup_stm32f429x.o
__deregister_frame_info                           c:/program files (x86)/atollic/truestudio for stm32 9.3.0/armtools/bin/../lib/gcc/arm-atollic-eabi/6.3.1/armv7e-m/fpu/crtbegin.o
__dso_handle                                      c:/program files (x86)/atollic/truestudio for stm32 9.3.0/armtools/bin/../lib/gcc/arm-atollic-eabi/6.3.1/armv7e-m/fpu/crtbegin.o
__init_array_end                                  c:/program files (x86)/atollic/truestudio for stm32 9.3.0/armtools/bin/../lib/gcc/arm-atollic-eabi/6.3.1/../../../../arm-atollic-eabi/lib/armv7e-m/fpu\libc_nano.a(lib_a-init.o)
__init_array_start                                c:/program files (x86)/atollic/truestudio for stm32 9.3.0/armtools/bin/../lib/gcc/arm-atollic-eabi/6.3.1/../../../../arm-atollic-eabi/lib/armv7e-m/fpu\libc_nano.a(lib_a-init.o)
__libc_init_array                                 c:/program files (x86)/atollic/truestudio for stm32 9.3.0/armtools/bin/../lib/gcc/arm-atollic-eabi/6.3.1/../../../../arm-atollic-eabi/lib/armv7e-m/fpu\libc_nano.a(lib_a-init.o)
                                                  src\startup_stm32f429x.o
__preinit_array_end                               c:/program files (x86)/atollic/truestudio for stm32 9.3.0/armtools/bin/../lib/gcc/arm-atollic-eabi/6.3.1/../../../../arm-atollic-eabi/lib/armv7e-m/fpu\libc_nano.a(lib_a-init.o)
__preinit_array_start                             c:/program files (x86)/atollic/truestudio for stm32 9.3.0/armtools/bin/../lib/gcc/arm-atollic-eabi/6.3.1/../../../../arm-atollic-eabi/lib/armv7e-m/fpu\libc_nano.a(lib_a-init.o)
__register_frame_info                             c:/program files (x86)/atollic/truestudio for stm32 9.3.0/armtools/bin/../lib/gcc/arm-atollic-eabi/6.3.1/armv7e-m/fpu/crtbegin.o
_ebss                                             src\startup_stm32f429x.o
_edata                                            src\startup_stm32f429x.o
_estack                                           src\startup_stm32f429x.o
_fini                                             c:/program files (x86)/atollic/truestudio for stm32 9.3.0/armtools/bin/../lib/gcc/arm-atollic-eabi/6.3.1/armv7e-m/fpu/crti.o
_init                                             c:/program files (x86)/atollic/truestudio for stm32 9.3.0/armtools/bin/../lib/gcc/arm-atollic-eabi/6.3.1/armv7e-m/fpu/crti.o
                                                  c:/program files (x86)/atollic/truestudio for stm32 9.3.0/armtools/bin/../lib/gcc/arm-atollic-eabi/6.3.1/../../../../arm-atollic-eabi/lib/armv7e-m/fpu\libc_nano.a(lib_a-init.o)
_sbss                                             src\startup_stm32f429x.o
_sdata                                            src\startup_stm32f429x.o
_sidata                                           src\startup_stm32f429x.o
currentErrorStatus                                src\stm32f4xx_it.o
                                                  src\src\myUSART1.o
                                                  src\src\Flash_Hal.o
                                                  src\main.o
currentIRQStatus                                  src\stm32f4xx_it.o
                                                  src\src\myUSART1.o
                                                  src\src\Flash_Hal.o
                                                  src\main.o
currentState                                      src\stm32f4xx_it.o
                                                  src\src\myUSART1.o
                                                  src\src\Flash_Hal.o
                                                  src\main.o
g_pfnVectors                                      src\startup_stm32f429x.o
main                                              src\main.o
                                                  src\startup_stm32f429x.o
memcpy32                                          src\src\memcpy.o
myGPIO_Init_LED                                   src\src\myGPIO.o
myGPIO_TurnOFF_LED                                src\src\myGPIO.o
                                                  src\stm32f4xx_it.o
                                                  src\src\myUSART1.o
myGPIO_TurnON_LED                                 src\src\myGPIO.o
                                                  src\stm32f4xx_it.o
                                                  src\src\myUSART1.o
myNVIC_ClearPendingIRQ                            src\src\myIRQ.o
myNVIC_DecodePriority                             src\src\myIRQ.o
myNVIC_DisableIRQ                                 src\src\myIRQ.o
myNVIC_Disable_GlobalIRQ                          src\src\myIRQ.o
myNVIC_EnableIRQ                                  src\src\myIRQ.o
myNVIC_Enable_GlobalIRQ                           src\src\myIRQ.o
myNVIC_EncodePriority                             src\src\myIRQ.o
myNVIC_GetActive                                  src\src\myIRQ.o
myNVIC_GetPendingIRQ                              src\src\myIRQ.o
myNVIC_GetPriority                                src\src\myIRQ.o
myNVIC_IRQ_Init                                   src\src\myIRQ.o
myNVIC_SetPendingIRQ                              src\src\myIRQ.o
myNVIC_SetPriority                                src\src\myIRQ.o
myNVIC_SetPriorityGrouping                        src\src\myIRQ.o
myUSART1_Enable                                   src\src\myUSART1.o
                                                  src\src\Flash_Hal.o
                                                  src\main.o
myUSART1_GPIO_Config                              src\src\myUSART1.o
                                                  src\src\Flash_Hal.o
myUSART1_Init                                     src\src\myUSART1.o
myUSART1_Process                                  src\src\myUSART1.o
myyNVIC_GetPriorityGrouping                       src\src\myIRQ.o
strReceive                                        src\src\myUSART1.o
strTransmit_with_DMA                              src\src\myUSART1.o
                                                  src\src\Flash_Hal.o
