Archive member included to satisfy reference by file (symbol)

c:/st/stm32cubeide_1.7.0/stm32cubeide/plugins/com.st.stm32cube.ide.mcu.externaltools.gnu-tools-for-stm32.9-2020-q2-update.win32_2.0.0.202105311346/tools/bin/../lib/gcc/arm-none-eabi/9.3.1/../../../../arm-none-eabi/lib/thumb/v7e-m+fp/hard\libc_nano.a(lib_a-errno.o)
                              ./Core/Src/syscalls.o (__errno)
c:/st/stm32cubeide_1.7.0/stm32cubeide/plugins/com.st.stm32cube.ide.mcu.externaltools.gnu-tools-for-stm32.9-2020-q2-update.win32_2.0.0.202105311346/tools/bin/../lib/gcc/arm-none-eabi/9.3.1/../../../../arm-none-eabi/lib/thumb/v7e-m+fp/hard\libc_nano.a(lib_a-exit.o)
                              c:/st/stm32cubeide_1.7.0/stm32cubeide/plugins/com.st.stm32cube.ide.mcu.externaltools.gnu-tools-for-stm32.9-2020-q2-update.win32_2.0.0.202105311346/tools/bin/../lib/gcc/arm-none-eabi/9.3.1/../../../../arm-none-eabi/lib/thumb/v7e-m+fp/hard/crt0.o (exit)
c:/st/stm32cubeide_1.7.0/stm32cubeide/plugins/com.st.stm32cube.ide.mcu.externaltools.gnu-tools-for-stm32.9-2020-q2-update.win32_2.0.0.202105311346/tools/bin/../lib/gcc/arm-none-eabi/9.3.1/../../../../arm-none-eabi/lib/thumb/v7e-m+fp/hard\libc_nano.a(lib_a-impure.o)
                              c:/st/stm32cubeide_1.7.0/stm32cubeide/plugins/com.st.stm32cube.ide.mcu.externaltools.gnu-tools-for-stm32.9-2020-q2-update.win32_2.0.0.202105311346/tools/bin/../lib/gcc/arm-none-eabi/9.3.1/../../../../arm-none-eabi/lib/thumb/v7e-m+fp/hard\libc_nano.a(lib_a-exit.o) (_global_impure_ptr)
c:/st/stm32cubeide_1.7.0/stm32cubeide/plugins/com.st.stm32cube.ide.mcu.externaltools.gnu-tools-for-stm32.9-2020-q2-update.win32_2.0.0.202105311346/tools/bin/../lib/gcc/arm-none-eabi/9.3.1/../../../../arm-none-eabi/lib/thumb/v7e-m+fp/hard\libc_nano.a(lib_a-init.o)
                              c:/st/stm32cubeide_1.7.0/stm32cubeide/plugins/com.st.stm32cube.ide.mcu.externaltools.gnu-tools-for-stm32.9-2020-q2-update.win32_2.0.0.202105311346/tools/bin/../lib/gcc/arm-none-eabi/9.3.1/../../../../arm-none-eabi/lib/thumb/v7e-m+fp/hard/crt0.o (__libc_init_array)
c:/st/stm32cubeide_1.7.0/stm32cubeide/plugins/com.st.stm32cube.ide.mcu.externaltools.gnu-tools-for-stm32.9-2020-q2-update.win32_2.0.0.202105311346/tools/bin/../lib/gcc/arm-none-eabi/9.3.1/../../../../arm-none-eabi/lib/thumb/v7e-m+fp/hard\libc_nano.a(lib_a-memset.o)
                              c:/st/stm32cubeide_1.7.0/stm32cubeide/plugins/com.st.stm32cube.ide.mcu.externaltools.gnu-tools-for-stm32.9-2020-q2-update.win32_2.0.0.202105311346/tools/bin/../lib/gcc/arm-none-eabi/9.3.1/../../../../arm-none-eabi/lib/thumb/v7e-m+fp/hard/crt0.o (memset)
c:/st/stm32cubeide_1.7.0/stm32cubeide/plugins/com.st.stm32cube.ide.mcu.externaltools.gnu-tools-for-stm32.9-2020-q2-update.win32_2.0.0.202105311346/tools/bin/../lib/gcc/arm-none-eabi/9.3.1/thumb/v7e-m+fp/hard\libgcc.a(_aeabi_uldivmod.o)
                              ./Drivers/STM32F4xx_HAL_Driver/stm32f4xx_hal_rcc.o (__aeabi_uldivmod)
c:/st/stm32cubeide_1.7.0/stm32cubeide/plugins/com.st.stm32cube.ide.mcu.externaltools.gnu-tools-for-stm32.9-2020-q2-update.win32_2.0.0.202105311346/tools/bin/../lib/gcc/arm-none-eabi/9.3.1/thumb/v7e-m+fp/hard\libgcc.a(_udivmoddi4.o)
                              c:/st/stm32cubeide_1.7.0/stm32cubeide/plugins/com.st.stm32cube.ide.mcu.externaltools.gnu-tools-for-stm32.9-2020-q2-update.win32_2.0.0.202105311346/tools/bin/../lib/gcc/arm-none-eabi/9.3.1/thumb/v7e-m+fp/hard\libgcc.a(_aeabi_uldivmod.o) (__udivmoddi4)
c:/st/stm32cubeide_1.7.0/stm32cubeide/plugins/com.st.stm32cube.ide.mcu.externaltools.gnu-tools-for-stm32.9-2020-q2-update.win32_2.0.0.202105311346/tools/bin/../lib/gcc/arm-none-eabi/9.3.1/thumb/v7e-m+fp/hard\libgcc.a(_dvmd_tls.o)
                              c:/st/stm32cubeide_1.7.0/stm32cubeide/plugins/com.st.stm32cube.ide.mcu.externaltools.gnu-tools-for-stm32.9-2020-q2-update.win32_2.0.0.202105311346/tools/bin/../lib/gcc/arm-none-eabi/9.3.1/thumb/v7e-m+fp/hard\libgcc.a(_aeabi_uldivmod.o) (__aeabi_ldiv0)

Allocating common symbols
Common symbol       size              file

Globalhamo_4        0x4               ./Core/Src/main.o
uwTick              0x4               ./Drivers/STM32F4xx_HAL_Driver/stm32f4xx_hal.o
pFlash              0x20              ./Drivers/STM32F4xx_HAL_Driver/stm32f4xx_hal_flash.o
CurrentIndexWrite   0x4               ./Core/Src/EEprom_Emulation.o
Globalhamo_3        0x4               ./Core/Src/main.o

Discarded input sections

 .text          0x0000000000000000        0x0 c:/st/stm32cubeide_1.7.0/stm32cubeide/plugins/com.st.stm32cube.ide.mcu.externaltools.gnu-tools-for-stm32.9-2020-q2-update.win32_2.0.0.202105311346/tools/bin/../lib/gcc/arm-none-eabi/9.3.1/thumb/v7e-m+fp/hard/crti.o
 .data          0x0000000000000000        0x0 c:/st/stm32cubeide_1.7.0/stm32cubeide/plugins/com.st.stm32cube.ide.mcu.externaltools.gnu-tools-for-stm32.9-2020-q2-update.win32_2.0.0.202105311346/tools/bin/../lib/gcc/arm-none-eabi/9.3.1/thumb/v7e-m+fp/hard/crti.o
[...]
Memory Configuration

Name             Origin             Length             Attributes
FLASH            0x0000000008010000 0x0000000000030000 xr
RAM              0x0000000020004000 0x0000000000004000 xrw
MEMORY_B1        0x0000000060000000 0x0000000000000000 xr
CCMRAM           0x0000000010000000 0x0000000000010000 rw
*default*        0x0000000000000000 0xffffffffffffffff

Linker script and memory map

LOAD c:/st/stm32cubeide_1.7.0/stm32cubeide/plugins/com.st.stm32cube.ide.mcu.externaltools.gnu-tools-for-stm32.9-2020-q2-update.win32_2.0.0.202105311346/tools/bin/../lib/gcc/arm-none-eabi/9.3.1/thumb/v7e-m+fp/hard/crti.o
LOAD c:/st/stm32cubeide_1.7.0/stm32cubeide/plugins/com.st.stm32cube.ide.mcu.externaltools.gnu-tools-for-stm32.9-2020-q2-update.win32_2.0.0.202105311346/tools/bin/../lib/gcc/arm-none-eabi/9.3.1/thumb/v7e-m+fp/hard/crtbegin.o
LOAD c:/st/stm32cubeide_1.7.0/stm32cubeide/plugins/com.st.stm32cube.ide.mcu.externaltools.gnu-tools-for-stm32.9-2020-q2-update.win32_2.0.0.202105311346/tools/bin/../lib/gcc/arm-none-eabi/9.3.1/../../../../arm-none-eabi/lib/thumb/v7e-m+fp/hard/crt0.o
LOAD ./Core/Src/EEprom_Emulation.o
LOAD ./Core/Src/ImageHeader.o
LOAD ./Core/Src/SysTick.o
LOAD ./Core/Src/crc.o
LOAD ./Core/Src/gpio.o
LOAD ./Core/Src/main.o
LOAD ./Core/Src/stm32f4xx_hal_msp.o
LOAD ./Core/Src/stm32f4xx_it.o
LOAD ./Core/Src/syscalls.o
LOAD ./Core/Src/sysmem.o
LOAD ./Core/Src/system_stm32f4xx.o
LOAD ./Core/Startup/startup_stm32f429zitx.o
LOAD ./Drivers/STM32F4xx_HAL_Driver/stm32f4xx_hal.o
LOAD ./Drivers/STM32F4xx_HAL_Driver/stm32f4xx_hal_cortex.o
LOAD ./Drivers/STM32F4xx_HAL_Driver/stm32f4xx_hal_dma.o
LOAD ./Drivers/STM32F4xx_HAL_Driver/stm32f4xx_hal_dma_ex.o
LOAD ./Drivers/STM32F4xx_HAL_Driver/stm32f4xx_hal_exti.o
LOAD ./Drivers/STM32F4xx_HAL_Driver/stm32f4xx_hal_flash.o
LOAD ./Drivers/STM32F4xx_HAL_Driver/stm32f4xx_hal_flash_ex.o
LOAD ./Drivers/STM32F4xx_HAL_Driver/stm32f4xx_hal_flash_ramfunc.o
LOAD ./Drivers/STM32F4xx_HAL_Driver/stm32f4xx_hal_gpio.o
LOAD ./Drivers/STM32F4xx_HAL_Driver/stm32f4xx_hal_pwr.o
LOAD ./Drivers/STM32F4xx_HAL_Driver/stm32f4xx_hal_pwr_ex.o
LOAD ./Drivers/STM32F4xx_HAL_Driver/stm32f4xx_hal_rcc.o
LOAD ./Drivers/STM32F4xx_HAL_Driver/stm32f4xx_hal_rcc_ex.o
LOAD ./Drivers/STM32F4xx_HAL_Driver/stm32f4xx_hal_tim.o
LOAD ./Drivers/STM32F4xx_HAL_Driver/stm32f4xx_hal_tim_ex.o
START GROUP
LOAD c:/st/stm32cubeide_1.7.0/stm32cubeide/plugins/com.st.stm32cube.ide.mcu.externaltools.gnu-tools-for-stm32.9-2020-q2-update.win32_2.0.0.202105311346/tools/bin/../lib/gcc/arm-none-eabi/9.3.1/../../../../arm-none-eabi/lib/thumb/v7e-m+fp/hard\libc_nano.a
LOAD c:/st/stm32cubeide_1.7.0/stm32cubeide/plugins/com.st.stm32cube.ide.mcu.externaltools.gnu-tools-for-stm32.9-2020-q2-update.win32_2.0.0.202105311346/tools/bin/../lib/gcc/arm-none-eabi/9.3.1/../../../../arm-none-eabi/lib/thumb/v7e-m+fp/hard\libm.a
END GROUP
START GROUP
LOAD c:/st/stm32cubeide_1.7.0/stm32cubeide/plugins/com.st.stm32cube.ide.mcu.externaltools.gnu-tools-for-stm32.9-2020-q2-update.win32_2.0.0.202105311346/tools/bin/../lib/gcc/arm-none-eabi/9.3.1/thumb/v7e-m+fp/hard\libgcc.a
LOAD c:/st/stm32cubeide_1.7.0/stm32cubeide/plugins/com.st.stm32cube.ide.mcu.externaltools.gnu-tools-for-stm32.9-2020-q2-update.win32_2.0.0.202105311346/tools/bin/../lib/gcc/arm-none-eabi/9.3.1/../../../../arm-none-eabi/lib/thumb/v7e-m+fp/hard\libc_nano.a
END GROUP
START GROUP
LOAD c:/st/stm32cubeide_1.7.0/stm32cubeide/plugins/com.st.stm32cube.ide.mcu.externaltools.gnu-tools-for-stm32.9-2020-q2-update.win32_2.0.0.202105311346/tools/bin/../lib/gcc/arm-none-eabi/9.3.1/thumb/v7e-m+fp/hard\libgcc.a
LOAD c:/st/stm32cubeide_1.7.0/stm32cubeide/plugins/com.st.stm32cube.ide.mcu.externaltools.gnu-tools-for-stm32.9-2020-q2-update.win32_2.0.0.202105311346/tools/bin/../lib/gcc/arm-none-eabi/9.3.1/../../../../arm-none-eabi/lib/thumb/v7e-m+fp/hard\libc_nano.a
LOAD c:/st/stm32cubeide_1.7.0/stm32cubeide/plugins/com.st.stm32cube.ide.mcu.externaltools.gnu-tools-for-stm32.9-2020-q2-update.win32_2.0.0.202105311346/tools/bin/../lib/gcc/arm-none-eabi/9.3.1/../../../../arm-none-eabi/lib/thumb/v7e-m+fp/hard\libnosys.a
END GROUP
START GROUP
LOAD c:/st/stm32cubeide_1.7.0/stm32cubeide/plugins/com.st.stm32cube.ide.mcu.externaltools.gnu-tools-for-stm32.9-2020-q2-update.win32_2.0.0.202105311346/tools/bin/../lib/gcc/arm-none-eabi/9.3.1/thumb/v7e-m+fp/hard\libgcc.a
LOAD c:/st/stm32cubeide_1.7.0/stm32cubeide/plugins/com.st.stm32cube.ide.mcu.externaltools.gnu-tools-for-stm32.9-2020-q2-update.win32_2.0.0.202105311346/tools/bin/../lib/gcc/arm-none-eabi/9.3.1/../../../../arm-none-eabi/lib/thumb/v7e-m+fp/hard\libc_nano.a
LOAD c:/st/stm32cubeide_1.7.0/stm32cubeide/plugins/com.st.stm32cube.ide.mcu.externaltools.gnu-tools-for-stm32.9-2020-q2-update.win32_2.0.0.202105311346/tools/bin/../lib/gcc/arm-none-eabi/9.3.1/../../../../arm-none-eabi/lib/thumb/v7e-m+fp/hard\libnosys.a
END GROUP
LOAD c:/st/stm32cubeide_1.7.0/stm32cubeide/plugins/com.st.stm32cube.ide.mcu.externaltools.gnu-tools-for-stm32.9-2020-q2-update.win32_2.0.0.202105311346/tools/bin/../lib/gcc/arm-none-eabi/9.3.1/thumb/v7e-m+fp/hard/crtend.o
LOAD c:/st/stm32cubeide_1.7.0/stm32cubeide/plugins/com.st.stm32cube.ide.mcu.externaltools.gnu-tools-for-stm32.9-2020-q2-update.win32_2.0.0.202105311346/tools/bin/../lib/gcc/arm-none-eabi/9.3.1/thumb/v7e-m+fp/hard/crtn.o
                0x0000000020008000                _estack = (ORIGIN (RAM) + LENGTH (RAM))
                0x0000000020000000                _SRAM_Origin = 0x20000000
                0x0000000020020000                _SRAM_End = 0x20020000
                0x0000000008000000                _Flash_Origin = 0x8000000
                0x0000000008100000                _Flash_End = 0x8100000
                0x0000000000000000                _Min_Heap_Size = 0x0
                0x0000000000000400                _Min_Stack_Size = 0x400
                0x0000000000000200                __fw_header_offset = 0x200
                0x0000000008010000                _Image_0_Flash_Origin = 0x8010000
                0x0000000000030000                _Image_0_Flash_Size = 0x30000
                0x0000000020004000                _Image_0_SRAM_Origin = (_SRAM_Origin + 0x4000)
                0x0000000000004000                _Image_0_SRAM_Size = 0x4000
                0x0000000008108000                __Eeprom_Emulation_Section = 0x8108000

.isr_vector     0x0000000008010000      0x1ac
                0x0000000008010000                . = ALIGN (0x4)
 *(.isr_vector)
 .isr_vector    0x0000000008010000      0x1ac ./Core/Startup/startup_stm32f429zitx.o
                0x0000000008010000                g_pfnVectors
                0x00000000080101ac                . = ALIGN (0x4)

.image_header   0x00000000080101ac       0x54
 FILL mask 0xff
                0x0000000008010200                . = (ORIGIN (FLASH) + __fw_header_offset)
 *fill*         0x00000000080101ac       0x54 ff
 *(.try_section)
                0x0000000008010200                . = ALIGN (0x4)

.text           0x0000000008010200     0x12b4
                0x0000000008010200                . = ALIGN (0x4)
 *(.text)
 .text          0x0000000008010200       0x40 c:/st/stm32cubeide_1.7.0/stm32cubeide/plugins/com.st.stm32cube.ide.mcu.externaltools.gnu-tools-for-stm32.9-2020-q2-update.win32_2.0.0.202105311346/tools/bin/../lib/gcc/arm-none-eabi/9.3.1/thumb/v7e-m+fp/hard/crtbegin.o
 .text          0x0000000008010240       0x30 c:/st/stm32cubeide_1.7.0/stm32cubeide/plugins/com.st.stm32cube.ide.mcu.externaltools.gnu-tools-for-stm32.9-2020-q2-update.win32_2.0.0.202105311346/tools/bin/../lib/gcc/arm-none-eabi/9.3.1/thumb/v7e-m+fp/hard\libgcc.a(_aeabi_uldivmod.o)
                0x0000000008010240                __aeabi_uldivmod
 .text          0x0000000008010270      0x2c4 c:/st/stm32cubeide_1.7.0/stm32cubeide/plugins/com.st.stm32cube.ide.mcu.externaltools.gnu-tools-for-stm32.9-2020-q2-update.win32_2.0.0.202105311346/tools/bin/../lib/gcc/arm-none-eabi/9.3.1/thumb/v7e-m+fp/hard\libgcc.a(_udivmoddi4.o)
                0x0000000008010270                __udivmoddi4
 .text          0x0000000008010534        0x4 c:/st/stm32cubeide_1.7.0/stm32cubeide/plugins/com.st.stm32cube.ide.mcu.externaltools.gnu-tools-for-stm32.9-2020-q2-update.win32_2.0.0.202105311346/tools/bin/../lib/gcc/arm-none-eabi/9.3.1/thumb/v7e-m+fp/hard\libgcc.a(_dvmd_tls.o)
                0x0000000008010534                __aeabi_idiv0
                0x0000000008010534                __aeabi_ldiv0
 *(.text*)
 .text.SysTick_Delay
                0x0000000008010538       0x30 ./Core/Src/SysTick.o
                0x0000000008010538                SysTick_Delay
 .text.GPIO_Init_LED
                0x0000000008010568       0x9c ./Core/Src/gpio.o
                0x0000000008010568                GPIO_Init_LED
 .text.GPIO_Init_PB
                0x0000000008010604       0x3c ./Core/Src/gpio.o
                0x0000000008010604                GPIO_Init_PB
 .text.GPIO_TurnON_LED
                0x0000000008010640       0x50 ./Core/Src/gpio.o
                0x0000000008010640                GPIO_TurnON_LED
 .text.GPIO_TurnOFF_LED
                0x0000000008010690       0x50 ./Core/Src/gpio.o
                0x0000000008010690                GPIO_TurnOFF_LED
 .text.main     0x00000000080106e0       0x34 ./Core/Src/main.o
                0x00000000080106e0                main
 .text.SystemClock_Config
                0x0000000008010714       0xd8 ./Core/Src/main.o
                0x0000000008010714                SystemClock_Config
 .text.Error_Handler
                0x00000000080107ec        0xa ./Core/Src/main.o
                0x00000000080107ec                Error_Handler
 *fill*         0x00000000080107f6        0x2 
 .text.HAL_MspInit
                0x00000000080107f8       0x50 ./Core/Src/stm32f4xx_hal_msp.o
                0x00000000080107f8                HAL_MspInit
 .text.NMI_Handler
                0x0000000008010848        0x6 ./Core/Src/stm32f4xx_it.o
                0x0000000008010848                NMI_Handler
 .text.HardFault_Handler
                0x000000000801084e        0x6 ./Core/Src/stm32f4xx_it.o
                0x000000000801084e                HardFault_Handler
 .text.MemManage_Handler
                0x0000000008010854        0x6 ./Core/Src/stm32f4xx_it.o
                0x0000000008010854                MemManage_Handler
 .text.BusFault_Handler
                0x000000000801085a        0x6 ./Core/Src/stm32f4xx_it.o
                0x000000000801085a                BusFault_Handler
 .text.UsageFault_Handler
                0x0000000008010860        0x6 ./Core/Src/stm32f4xx_it.o
                0x0000000008010860                UsageFault_Handler
 .text.SVC_Handler
                0x0000000008010866        0xe ./Core/Src/stm32f4xx_it.o
                0x0000000008010866                SVC_Handler
 .text.DebugMon_Handler
                0x0000000008010874        0xe ./Core/Src/stm32f4xx_it.o
                0x0000000008010874                DebugMon_Handler
 .text.PendSV_Handler
                0x0000000008010882        0xe ./Core/Src/stm32f4xx_it.o
                0x0000000008010882                PendSV_Handler
 .text.SysTick_Handler
                0x0000000008010890        0xc ./Core/Src/stm32f4xx_it.o
                0x0000000008010890                SysTick_Handler
 .text.SystemInit
                0x000000000801089c       0x24 ./Core/Src/system_stm32f4xx.o
                0x000000000801089c                SystemInit
 .text.Reset_Handler
                0x00000000080108c0       0x50 ./Core/Startup/startup_stm32f429zitx.o
                0x00000000080108c0                Reset_Handler
 .text.Default_Handler
                0x0000000008010910        0x2 ./Core/Startup/startup_stm32f429zitx.o
                0x0000000008010910                RTC_Alarm_IRQHandler
                0x0000000008010910                HASH_RNG_IRQHandler
                0x0000000008010910                EXTI2_IRQHandler
                0x0000000008010910                TIM8_CC_IRQHandler
                0x0000000008010910                UART8_IRQHandler
                0x0000000008010910                SPI4_IRQHandler
                0x0000000008010910                TIM1_CC_IRQHandler
                0x0000000008010910                DMA2_Stream5_IRQHandler
                0x0000000008010910                DMA1_Stream5_IRQHandler
                0x0000000008010910                PVD_IRQHandler
                0x0000000008010910                SDIO_IRQHandler
                0x0000000008010910                TAMP_STAMP_IRQHandler
                0x0000000008010910                CAN2_RX1_IRQHandler
                0x0000000008010910                EXTI3_IRQHandler
                0x0000000008010910                TIM8_TRG_COM_TIM14_IRQHandler
                0x0000000008010910                TIM1_UP_TIM10_IRQHandler
                0x0000000008010910                TIM8_UP_TIM13_IRQHandler
                0x0000000008010910                I2C3_ER_IRQHandler
                0x0000000008010910                EXTI0_IRQHandler
                0x0000000008010910                I2C2_EV_IRQHandler
                0x0000000008010910                DMA1_Stream2_IRQHandler
                0x0000000008010910                CAN1_RX0_IRQHandler
                0x0000000008010910                FPU_IRQHandler
                0x0000000008010910                OTG_HS_WKUP_IRQHandler
                0x0000000008010910                LTDC_ER_IRQHandler
                0x0000000008010910                CAN2_SCE_IRQHandler
                0x0000000008010910                DMA2_Stream2_IRQHandler
                0x0000000008010910                SPI1_IRQHandler
                0x0000000008010910                TIM6_DAC_IRQHandler
                0x0000000008010910                TIM1_BRK_TIM9_IRQHandler
                0x0000000008010910                DCMI_IRQHandler
                0x0000000008010910                CAN2_RX0_IRQHandler
                0x0000000008010910                DMA2_Stream3_IRQHandler
                0x0000000008010910                USART6_IRQHandler
                0x0000000008010910                USART3_IRQHandler
                0x0000000008010910                CAN1_RX1_IRQHandler
                0x0000000008010910                UART5_IRQHandler
                0x0000000008010910                DMA2_Stream0_IRQHandler
                0x0000000008010910                TIM4_IRQHandler
                0x0000000008010910                I2C1_EV_IRQHandler
                0x0000000008010910                DMA1_Stream6_IRQHandler
                0x0000000008010910                DMA1_Stream1_IRQHandler
                0x0000000008010910                UART4_IRQHandler
                0x0000000008010910                TIM3_IRQHandler
                0x0000000008010910                RCC_IRQHandler
                0x0000000008010910                TIM8_BRK_TIM12_IRQHandler
                0x0000000008010910                Default_Handler
                0x0000000008010910                EXTI15_10_IRQHandler
                0x0000000008010910                ADC_IRQHandler
                0x0000000008010910                DMA1_Stream7_IRQHandler
                0x0000000008010910                SPI5_IRQHandler
                0x0000000008010910                TIM7_IRQHandler
                0x0000000008010910                CAN2_TX_IRQHandler
                0x0000000008010910                TIM5_IRQHandler
                0x0000000008010910                DMA2_Stream7_IRQHandler
                0x0000000008010910                I2C3_EV_IRQHandler
                0x0000000008010910                EXTI9_5_IRQHandler
                0x0000000008010910                RTC_WKUP_IRQHandler
                0x0000000008010910                LTDC_IRQHandler
                0x0000000008010910                ETH_WKUP_IRQHandler
                0x0000000008010910                SPI2_IRQHandler
                0x0000000008010910                OTG_HS_EP1_IN_IRQHandler
                0x0000000008010910                DMA1_Stream0_IRQHandler
                0x0000000008010910                CAN1_TX_IRQHandler
                0x0000000008010910                EXTI4_IRQHandler
                0x0000000008010910                ETH_IRQHandler
                0x0000000008010910                OTG_HS_EP1_OUT_IRQHandler
                0x0000000008010910                WWDG_IRQHandler
                0x0000000008010910                SPI6_IRQHandler
                0x0000000008010910                TIM2_IRQHandler
                0x0000000008010910                OTG_FS_WKUP_IRQHandler
                0x0000000008010910                TIM1_TRG_COM_TIM11_IRQHandler
                0x0000000008010910                OTG_HS_IRQHandler
                0x0000000008010910                DMA2D_IRQHandler
                0x0000000008010910                EXTI1_IRQHandler
                0x0000000008010910                UART7_IRQHandler
                0x0000000008010910                USART2_IRQHandler
                0x0000000008010910                I2C2_ER_IRQHandler
                0x0000000008010910                DMA2_Stream1_IRQHandler
                0x0000000008010910                CAN1_SCE_IRQHandler
                0x0000000008010910                FLASH_IRQHandler
                0x0000000008010910                DMA2_Stream4_IRQHandler
                0x0000000008010910                USART1_IRQHandler
                0x0000000008010910                OTG_FS_IRQHandler
                0x0000000008010910                SPI3_IRQHandler
                0x0000000008010910                DMA1_Stream4_IRQHandler
                0x0000000008010910                I2C1_ER_IRQHandler
                0x0000000008010910                FMC_IRQHandler
                0x0000000008010910                DMA2_Stream6_IRQHandler
                0x0000000008010910                SAI1_IRQHandler
                0x0000000008010910                DMA1_Stream3_IRQHandler
 *fill*         0x0000000008010912        0x2 
 .text.HAL_Init
                0x0000000008010914       0x44 ./Drivers/STM32F4xx_HAL_Driver/stm32f4xx_hal.o
                0x0000000008010914                HAL_Init
 .text.HAL_InitTick
                0x0000000008010958       0x60 ./Drivers/STM32F4xx_HAL_Driver/stm32f4xx_hal.o
                0x0000000008010958                HAL_InitTick
 .text.HAL_IncTick
                0x00000000080109b8       0x28 ./Drivers/STM32F4xx_HAL_Driver/stm32f4xx_hal.o
                0x00000000080109b8                HAL_IncTick
 .text.HAL_GetTick
                0x00000000080109e0       0x18 ./Drivers/STM32F4xx_HAL_Driver/stm32f4xx_hal.o
                0x00000000080109e0                HAL_GetTick
 .text.__NVIC_SetPriorityGrouping
                0x00000000080109f8       0x48 ./Drivers/STM32F4xx_HAL_Driver/stm32f4xx_hal_cortex.o
 .text.__NVIC_GetPriorityGrouping
                0x0000000008010a40       0x1c ./Drivers/STM32F4xx_HAL_Driver/stm32f4xx_hal_cortex.o
 .text.__NVIC_SetPriority
                0x0000000008010a5c       0x54 ./Drivers/STM32F4xx_HAL_Driver/stm32f4xx_hal_cortex.o
 .text.NVIC_EncodePriority
                0x0000000008010ab0       0x66 ./Drivers/STM32F4xx_HAL_Driver/stm32f4xx_hal_cortex.o
 *fill*         0x0000000008010b16        0x2 
 .text.SysTick_Config
                0x0000000008010b18       0x44 ./Drivers/STM32F4xx_HAL_Driver/stm32f4xx_hal_cortex.o
 .text.HAL_NVIC_SetPriorityGrouping
                0x0000000008010b5c       0x16 ./Drivers/STM32F4xx_HAL_Driver/stm32f4xx_hal_cortex.o
                0x0000000008010b5c                HAL_NVIC_SetPriorityGrouping
 .text.HAL_NVIC_SetPriority
                0x0000000008010b72       0x38 ./Drivers/STM32F4xx_HAL_Driver/stm32f4xx_hal_cortex.o
                0x0000000008010b72                HAL_NVIC_SetPriority
 .text.HAL_SYSTICK_Config
                0x0000000008010baa       0x18 ./Drivers/STM32F4xx_HAL_Driver/stm32f4xx_hal_cortex.o
                0x0000000008010baa                HAL_SYSTICK_Config
 *fill*         0x0000000008010bc2        0x2 
 .text.HAL_RCC_OscConfig
                0x0000000008010bc4      0x4f0 ./Drivers/STM32F4xx_HAL_Driver/stm32f4xx_hal_rcc.o
                0x0000000008010bc4                HAL_RCC_OscConfig
 .text.HAL_RCC_ClockConfig
                0x00000000080110b4      0x1cc ./Drivers/STM32F4xx_HAL_Driver/stm32f4xx_hal_rcc.o
                0x00000000080110b4                HAL_RCC_ClockConfig
 .text.HAL_RCC_GetSysClockFreq
                0x0000000008011280      0x1c4 ./Drivers/STM32F4xx_HAL_Driver/stm32f4xx_hal_rcc.o
                0x0000000008011280                HAL_RCC_GetSysClockFreq
 .text.__libc_init_array
                0x0000000008011444       0x48 c:/st/stm32cubeide_1.7.0/stm32cubeide/plugins/com.st.stm32cube.ide.mcu.externaltools.gnu-tools-for-stm32.9-2020-q2-update.win32_2.0.0.202105311346/tools/bin/../lib/gcc/arm-none-eabi/9.3.1/../../../../arm-none-eabi/lib/thumb/v7e-m+fp/hard\libc_nano.a(lib_a-init.o)
                0x0000000008011444                __libc_init_array
 .text.memset   0x000000000801148c       0x10 c:/st/stm32cubeide_1.7.0/stm32cubeide/plugins/com.st.stm32cube.ide.mcu.externaltools.gnu-tools-for-stm32.9-2020-q2-update.win32_2.0.0.202105311346/tools/bin/../lib/gcc/arm-none-eabi/9.3.1/../../../../arm-none-eabi/lib/thumb/v7e-m+fp/hard\libc_nano.a(lib_a-memset.o)
                0x000000000801148c                memset
 *(.glue_7)
 .glue_7        0x000000000801149c        0x0 linker stubs
 *(.glue_7t)
 .glue_7t       0x000000000801149c        0x0 linker stubs
 *(.eh_frame)
 .eh_frame      0x000000000801149c        0x0 c:/st/stm32cubeide_1.7.0/stm32cubeide/plugins/com.st.stm32cube.ide.mcu.externaltools.gnu-tools-for-stm32.9-2020-q2-update.win32_2.0.0.202105311346/tools/bin/../lib/gcc/arm-none-eabi/9.3.1/thumb/v7e-m+fp/hard/crtbegin.o
 *(.init)
 .init          0x000000000801149c        0x4 c:/st/stm32cubeide_1.7.0/stm32cubeide/plugins/com.st.stm32cube.ide.mcu.externaltools.gnu-tools-for-stm32.9-2020-q2-update.win32_2.0.0.202105311346/tools/bin/../lib/gcc/arm-none-eabi/9.3.1/thumb/v7e-m+fp/hard/crti.o
                0x000000000801149c                _init
 .init          0x00000000080114a0        0x8 c:/st/stm32cubeide_1.7.0/stm32cubeide/plugins/com.st.stm32cube.ide.mcu.externaltools.gnu-tools-for-stm32.9-2020-q2-update.win32_2.0.0.202105311346/tools/bin/../lib/gcc/arm-none-eabi/9.3.1/thumb/v7e-m+fp/hard/crtn.o
 *(.fini)
 .fini          0x00000000080114a8        0x4 c:/st/stm32cubeide_1.7.0/stm32cubeide/plugins/com.st.stm32cube.ide.mcu.externaltools.gnu-tools-for-stm32.9-2020-q2-update.win32_2.0.0.202105311346/tools/bin/../lib/gcc/arm-none-eabi/9.3.1/thumb/v7e-m+fp/hard/crti.o
                0x00000000080114a8                _fini
 .fini          0x00000000080114ac        0x8 c:/st/stm32cubeide_1.7.0/stm32cubeide/plugins/com.st.stm32cube.ide.mcu.externaltools.gnu-tools-for-stm32.9-2020-q2-update.win32_2.0.0.202105311346/tools/bin/../lib/gcc/arm-none-eabi/9.3.1/thumb/v7e-m+fp/hard/crtn.o
                0x00000000080114b4                . = ALIGN (0x4)
                0x00000000080114b4                _etext = .

.vfp11_veneer   0x00000000080114b4        0x0
 .vfp11_veneer  0x00000000080114b4        0x0 linker stubs

.v4_bx          0x00000000080114b4        0x0
 .v4_bx         0x00000000080114b4        0x0 linker stubs

.iplt           0x00000000080114b4        0x0
 .iplt          0x00000000080114b4        0x0 c:/st/stm32cubeide_1.7.0/stm32cubeide/plugins/com.st.stm32cube.ide.mcu.externaltools.gnu-tools-for-stm32.9-2020-q2-update.win32_2.0.0.202105311346/tools/bin/../lib/gcc/arm-none-eabi/9.3.1/thumb/v7e-m+fp/hard/crtbegin.o

.rodata         0x00000000080114b4       0x10
                0x00000000080114b4                . = ALIGN (0x4)
 *(.rodata)
 *(.rodata*)
 .rodata.AHBPrescTable
                0x00000000080114b4       0x10 ./Core/Src/system_stm32f4xx.o
                0x00000000080114b4                AHBPrescTable
                0x00000000080114c4                . = ALIGN (0x4)

.ARM.extab
 *(.ARM.extab* .gnu.linkonce.armextab.*)

.ARM            0x00000000080114c4        0x8
                0x00000000080114c4                __exidx_start = .
 *(.ARM.exidx*)
 .ARM.exidx     0x00000000080114c4        0x8 c:/st/stm32cubeide_1.7.0/stm32cubeide/plugins/com.st.stm32cube.ide.mcu.externaltools.gnu-tools-for-stm32.9-2020-q2-update.win32_2.0.0.202105311346/tools/bin/../lib/gcc/arm-none-eabi/9.3.1/thumb/v7e-m+fp/hard\libgcc.a(_udivmoddi4.o)
                0x00000000080114cc                __exidx_end = .

.rel.dyn        0x00000000080114cc        0x0
 .rel.iplt      0x00000000080114cc        0x0 c:/st/stm32cubeide_1.7.0/stm32cubeide/plugins/com.st.stm32cube.ide.mcu.externaltools.gnu-tools-for-stm32.9-2020-q2-update.win32_2.0.0.202105311346/tools/bin/../lib/gcc/arm-none-eabi/9.3.1/thumb/v7e-m+fp/hard/crtbegin.o

.preinit_array  0x00000000080114cc        0x0
                0x00000000080114cc                PROVIDE (__preinit_array_start = .)
 *(.preinit_array*)
                0x00000000080114cc                PROVIDE (__preinit_array_end = .)

.init_array     0x00000000080114cc        0x4
                0x00000000080114cc                PROVIDE (__init_array_start = .)
 *(SORT_BY_NAME(.init_array.*))
 *(.init_array*)
 .init_array    0x00000000080114cc        0x4 c:/st/stm32cubeide_1.7.0/stm32cubeide/plugins/com.st.stm32cube.ide.mcu.externaltools.gnu-tools-for-stm32.9-2020-q2-update.win32_2.0.0.202105311346/tools/bin/../lib/gcc/arm-none-eabi/9.3.1/thumb/v7e-m+fp/hard/crtbegin.o
                0x00000000080114d0                PROVIDE (__init_array_end = .)

.fini_array     0x00000000080114d0        0x4
                [!provide]                        PROVIDE (__fini_array_start = .)
 *(SORT_BY_NAME(.fini_array.*))
 *(.fini_array*)
 .fini_array    0x00000000080114d0        0x4 c:/st/stm32cubeide_1.7.0/stm32cubeide/plugins/com.st.stm32cube.ide.mcu.externaltools.gnu-tools-for-stm32.9-2020-q2-update.win32_2.0.0.202105311346/tools/bin/../lib/gcc/arm-none-eabi/9.3.1/thumb/v7e-m+fp/hard/crtbegin.o
                [!provide]                        PROVIDE (__fini_array_end = .)
                0x00000000080114d4                _sidata = LOADADDR (.data)

.data           0x0000000020004000        0xc load address 0x00000000080114d4
                0x0000000020004000                . = ALIGN (0x4)
                0x0000000020004000                _sdata = .
 *(.data)
 *(.data*)
 .data.SystemCoreClock
                0x0000000020004000        0x4 ./Core/Src/system_stm32f4xx.o
                0x0000000020004000                SystemCoreClock
 .data.uwTickPrio
                0x0000000020004004        0x4 ./Drivers/STM32F4xx_HAL_Driver/stm32f4xx_hal.o
                0x0000000020004004                uwTickPrio
 .data.uwTickFreq
                0x0000000020004008        0x1 ./Drivers/STM32F4xx_HAL_Driver/stm32f4xx_hal.o
                0x0000000020004008                uwTickFreq
                0x000000002000400c                . = ALIGN (0x4)
 *fill*         0x0000000020004009        0x3 
                0x000000002000400c                _edata = .
                0x00000000080114e0                _siccmram = LOADADDR (.ccmram)

.igot.plt       0x000000002000400c        0x0 load address 0x00000000080114e0
 .igot.plt      0x000000002000400c        0x0 c:/st/stm32cubeide_1.7.0/stm32cubeide/plugins/com.st.stm32cube.ide.mcu.externaltools.gnu-tools-for-stm32.9-2020-q2-update.win32_2.0.0.202105311346/tools/bin/../lib/gcc/arm-none-eabi/9.3.1/thumb/v7e-m+fp/hard/crtbegin.o

.ccmram         0x0000000010000000        0x0 load address 0x00000000080114e0
                0x0000000010000000                . = ALIGN (0x4)
                0x0000000010000000                _sccmram = .
 *(.ccmram)
 *(.ccmram*)
                0x0000000010000000                . = ALIGN (0x4)
                0x0000000010000000                _eccmram = .
                0x0000000010000000                . = ALIGN (0x4)

.bss            0x000000002000400c       0x24
                0x000000002000400c                _sbss = .
                0x000000002000400c                __bss_start__ = _sbss
 *(.bss)
 .bss           0x000000002000400c       0x1c c:/st/stm32cubeide_1.7.0/stm32cubeide/plugins/com.st.stm32cube.ide.mcu.externaltools.gnu-tools-for-stm32.9-2020-q2-update.win32_2.0.0.202105311346/tools/bin/../lib/gcc/arm-none-eabi/9.3.1/thumb/v7e-m+fp/hard/crtbegin.o
 *(.bss*)
 .bss.SysTickCounter
                0x0000000020004028        0x4 ./Core/Src/SysTick.o
                0x0000000020004028                SysTickCounter
 *(COMMON)
 COMMON         0x000000002000402c        0x4 ./Drivers/STM32F4xx_HAL_Driver/stm32f4xx_hal.o
                0x000000002000402c                uwTick
                0x0000000020004030                . = ALIGN (0x4)
                0x0000000020004030                _ebss = .
                0x0000000020004030                __bss_end__ = _ebss

._user_heap_stack
                0x0000000020004030      0x400
                0x0000000020004030                . = ALIGN (0x4)
                [!provide]                        PROVIDE (end = .)
                0x0000000020004030                PROVIDE (_end = .)
                0x0000000020004030                . = (. + _Min_Heap_Size)
                0x0000000020004430                . = (. + _Min_Stack_Size)
 *fill*         0x0000000020004030      0x400 
                0x0000000020004430                . = ALIGN (0x4)

.memory_b1_text
 *(.mb1text)
 *(.mb1text*)
 *(.mb1rodata)
 *(.mb1rodata*)

/DISCARD/
 libc.a(*)
 libm.a(*)
 libgcc.a(*)

.ARM.attributes
                0x0000000000000000       0x30
 *(.ARM.attributes)
 .ARM.attributes
                0x0000000000000000       0x1e c:/st/stm32cubeide_1.7.0/stm32cubeide/plugins/com.st.stm32cube.ide.mcu.externaltools.gnu-tools-for-stm32.9-2020-q2-update.win32_2.0.0.202105311346/tools/bin/../lib/gcc/arm-none-eabi/9.3.1/thumb/v7e-m+fp/hard/crti.o
 .ARM.attributes
                0x000000000000001e       0x34 c:/st/stm32cubeide_1.7.0/stm32cubeide/plugins/com.st.stm32cube.ide.mcu.externaltools.gnu-tools-for-stm32.9-2020-q2-update.win32_2.0.0.202105311346/tools/bin/../lib/gcc/arm-none-eabi/9.3.1/thumb/v7e-m+fp/hard/crtbegin.o
 .ARM.attributes
                0x0000000000000052       0x34 ./Core/Src/SysTick.o
 .ARM.attributes
                0x0000000000000086       0x34 ./Core/Src/gpio.o
 .ARM.attributes
                0x00000000000000ba       0x34 ./Core/Src/main.o
 .ARM.attributes
                0x00000000000000ee       0x34 ./Core/Src/stm32f4xx_hal_msp.o
 .ARM.attributes
                0x0000000000000122       0x34 ./Core/Src/stm32f4xx_it.o
 .ARM.attributes
                0x0000000000000156       0x34 ./Core/Src/system_stm32f4xx.o
 .ARM.attributes
                0x000000000000018a       0x21 ./Core/Startup/startup_stm32f429zitx.o
 .ARM.attributes
                0x00000000000001ab       0x34 ./Drivers/STM32F4xx_HAL_Driver/stm32f4xx_hal.o
 .ARM.attributes
                0x00000000000001df       0x34 ./Drivers/STM32F4xx_HAL_Driver/stm32f4xx_hal_cortex.o
 .ARM.attributes
                0x0000000000000213       0x34 ./Drivers/STM32F4xx_HAL_Driver/stm32f4xx_hal_rcc.o
 .ARM.attributes
                0x0000000000000247       0x34 c:/st/stm32cubeide_1.7.0/stm32cubeide/plugins/com.st.stm32cube.ide.mcu.externaltools.gnu-tools-for-stm32.9-2020-q2-update.win32_2.0.0.202105311346/tools/bin/../lib/gcc/arm-none-eabi/9.3.1/../../../../arm-none-eabi/lib/thumb/v7e-m+fp/hard\libc_nano.a(lib_a-init.o)
 .ARM.attributes
                0x000000000000027b       0x34 c:/st/stm32cubeide_1.7.0/stm32cubeide/plugins/com.st.stm32cube.ide.mcu.externaltools.gnu-tools-for-stm32.9-2020-q2-update.win32_2.0.0.202105311346/tools/bin/../lib/gcc/arm-none-eabi/9.3.1/../../../../arm-none-eabi/lib/thumb/v7e-m+fp/hard\libc_nano.a(lib_a-memset.o)
 .ARM.attributes
                0x00000000000002af       0x1e c:/st/stm32cubeide_1.7.0/stm32cubeide/plugins/com.st.stm32cube.ide.mcu.externaltools.gnu-tools-for-stm32.9-2020-q2-update.win32_2.0.0.202105311346/tools/bin/../lib/gcc/arm-none-eabi/9.3.1/thumb/v7e-m+fp/hard\libgcc.a(_aeabi_uldivmod.o)
 .ARM.attributes
                0x00000000000002cd       0x34 c:/st/stm32cubeide_1.7.0/stm32cubeide/plugins/com.st.stm32cube.ide.mcu.externaltools.gnu-tools-for-stm32.9-2020-q2-update.win32_2.0.0.202105311346/tools/bin/../lib/gcc/arm-none-eabi/9.3.1/thumb/v7e-m+fp/hard\libgcc.a(_udivmoddi4.o)
 .ARM.attributes
                0x0000000000000301       0x1e c:/st/stm32cubeide_1.7.0/stm32cubeide/plugins/com.st.stm32cube.ide.mcu.externaltools.gnu-tools-for-stm32.9-2020-q2-update.win32_2.0.0.202105311346/tools/bin/../lib/gcc/arm-none-eabi/9.3.1/thumb/v7e-m+fp/hard\libgcc.a(_dvmd_tls.o)
 .ARM.attributes
                0x000000000000031f       0x1e c:/st/stm32cubeide_1.7.0/stm32cubeide/plugins/com.st.stm32cube.ide.mcu.externaltools.gnu-tools-for-stm32.9-2020-q2-update.win32_2.0.0.202105311346/tools/bin/../lib/gcc/arm-none-eabi/9.3.1/thumb/v7e-m+fp/hard/crtn.o
OUTPUT(greenledblink.elf elf32-littlearm)
LOAD linker stubs
LOAD c:/st/stm32cubeide_1.7.0/stm32cubeide/plugins/com.st.stm32cube.ide.mcu.externaltools.gnu-tools-for-stm32.9-2020-q2-update.win32_2.0.0.202105311346/tools/bin/../lib/gcc/arm-none-eabi/9.3.1/../../../../arm-none-eabi/lib/thumb/v7e-m+fp/hard\libc.a
LOAD c:/st/stm32cubeide_1.7.0/stm32cubeide/plugins/com.st.stm32cube.ide.mcu.externaltools.gnu-tools-for-stm32.9-2020-q2-update.win32_2.0.0.202105311346/tools/bin/../lib/gcc/arm-none-eabi/9.3.1/../../../../arm-none-eabi/lib/thumb/v7e-m+fp/hard\libm.a
LOAD c:/st/stm32cubeide_1.7.0/stm32cubeide/plugins/com.st.stm32cube.ide.mcu.externaltools.gnu-tools-for-stm32.9-2020-q2-update.win32_2.0.0.202105311346/tools/bin/../lib/gcc/arm-none-eabi/9.3.1/thumb/v7e-m+fp/hard\libgcc.a

.debug_info     0x0000000000000000     0x4244
 .debug_info    0x0000000000000000      0x819 ./Core/Src/SysTick.o
 .debug_info    0x0000000000000819      0x567 ./Core/Src/gpio.o
 .debug_info    0x0000000000000d80      0x627 ./Core/Src/main.o
 .debug_info    0x00000000000013a7      0x3b0 ./Core/Src/stm32f4xx_hal_msp.o
 .debug_info    0x0000000000001757      0x222 ./Core/Src/stm32f4xx_it.o
 .debug_info    0x0000000000001979      0x5c0 ./Core/Src/system_stm32f4xx.o
 .debug_info    0x0000000000001f39       0x22 ./Core/Startup/startup_stm32f429zitx.o
 .debug_info    0x0000000000001f5b      0xa2a ./Drivers/STM32F4xx_HAL_Driver/stm32f4xx_hal.o
 .debug_info    0x0000000000002985      0xf0d ./Drivers/STM32F4xx_HAL_Driver/stm32f4xx_hal_cortex.o
 .debug_info    0x0000000000003892      0x9b2 ./Drivers/STM32F4xx_HAL_Driver/stm32f4xx_hal_rcc.o

.debug_abbrev   0x0000000000000000     0x1014
 .debug_abbrev  0x0000000000000000      0x209 ./Core/Src/SysTick.o
 .debug_abbrev  0x0000000000000209      0x16a ./Core/Src/gpio.o
 .debug_abbrev  0x0000000000000373      0x1bd ./Core/Src/main.o
 .debug_abbrev  0x0000000000000530      0x11d ./Core/Src/stm32f4xx_hal_msp.o
 .debug_abbrev  0x000000000000064d       0xd2 ./Core/Src/stm32f4xx_it.o
 .debug_abbrev  0x000000000000071f      0x145 ./Core/Src/system_stm32f4xx.o
 .debug_abbrev  0x0000000000000864       0x12 ./Core/Startup/startup_stm32f429zitx.o
 .debug_abbrev  0x0000000000000876      0x1ed ./Drivers/STM32F4xx_HAL_Driver/stm32f4xx_hal.o
 .debug_abbrev  0x0000000000000a63      0x33c ./Drivers/STM32F4xx_HAL_Driver/stm32f4xx_hal_cortex.o
 .debug_abbrev  0x0000000000000d9f      0x275 ./Drivers/STM32F4xx_HAL_Driver/stm32f4xx_hal_rcc.o

.debug_aranges  0x0000000000000000      0x428
 .debug_aranges
                0x0000000000000000       0x48 ./Core/Src/SysTick.o
 .debug_aranges
                0x0000000000000048       0x40 ./Core/Src/gpio.o
 .debug_aranges
                0x0000000000000088       0x30 ./Core/Src/main.o
 .debug_aranges
                0x00000000000000b8       0x20 ./Core/Src/stm32f4xx_hal_msp.o
 .debug_aranges
                0x00000000000000d8       0x60 ./Core/Src/stm32f4xx_it.o
 .debug_aranges
                0x0000000000000138       0x28 ./Core/Src/system_stm32f4xx.o
 .debug_aranges
                0x0000000000000160       0x28 ./Core/Startup/startup_stm32f429zitx.o
 .debug_aranges
                0x0000000000000188      0x100 ./Drivers/STM32F4xx_HAL_Driver/stm32f4xx_hal.o
 .debug_aranges
                0x0000000000000288      0x118 ./Drivers/STM32F4xx_HAL_Driver/stm32f4xx_hal_cortex.o
 .debug_aranges
                0x00000000000003a0       0x88 ./Drivers/STM32F4xx_HAL_Driver/stm32f4xx_hal_rcc.o

.debug_ranges   0x0000000000000000      0x390
 .debug_ranges  0x0000000000000000       0x38 ./Core/Src/SysTick.o
 .debug_ranges  0x0000000000000038       0x30 ./Core/Src/gpio.o
 .debug_ranges  0x0000000000000068       0x20 ./Core/Src/main.o
 .debug_ranges  0x0000000000000088       0x10 ./Core/Src/stm32f4xx_hal_msp.o
 .debug_ranges  0x0000000000000098       0x50 ./Core/Src/stm32f4xx_it.o
 .debug_ranges  0x00000000000000e8       0x18 ./Core/Src/system_stm32f4xx.o
 .debug_ranges  0x0000000000000100       0x20 ./Core/Startup/startup_stm32f429zitx.o
 .debug_ranges  0x0000000000000120       0xf0 ./Drivers/STM32F4xx_HAL_Driver/stm32f4xx_hal.o
 .debug_ranges  0x0000000000000210      0x108 ./Drivers/STM32F4xx_HAL_Driver/stm32f4xx_hal_cortex.o
 .debug_ranges  0x0000000000000318       0x78 ./Drivers/STM32F4xx_HAL_Driver/stm32f4xx_hal_rcc.o

.debug_macro    0x0000000000000000     0x107b
 .debug_macro   0x0000000000000000      0x1ba ./Core/Src/SysTick.o
 .debug_macro   0x00000000000001ba      0x1bf ./Core/Src/gpio.o
 .debug_macro   0x0000000000000379       0x22 ./Core/Src/gpio.o
 .debug_macro   0x000000000000039b      0x1dc ./Core/Src/main.o
 .debug_macro   0x0000000000000577       0x10 ./Core/Src/main.o
 .debug_macro   0x0000000000000587       0x28 ./Core/Src/main.o
 .debug_macro   0x00000000000005af      0x1bf ./Core/Src/stm32f4xx_hal_msp.o
 .debug_macro   0x000000000000076e      0x1c9 ./Core/Src/stm32f4xx_it.o
 .debug_macro   0x0000000000000937      0x1b0 ./Core/Src/system_stm32f4xx.o
 .debug_macro   0x0000000000000ae7      0x210 ./Drivers/STM32F4xx_HAL_Driver/stm32f4xx_hal.o
 .debug_macro   0x0000000000000cf7      0x1b0 ./Drivers/STM32F4xx_HAL_Driver/stm32f4xx_hal_cortex.o
 .debug_macro   0x0000000000000ea7      0x1d4 ./Drivers/STM32F4xx_HAL_Driver/stm32f4xx_hal_rcc.o

.debug_line     0x0000000000000000     0x59c5
 .debug_line    0x0000000000000000      0x8a6 ./Core/Src/SysTick.o
 .debug_line    0x00000000000008a6      0x887 ./Core/Src/gpio.o
 .debug_line    0x000000000000112d      0x86d ./Core/Src/main.o
 .debug_line    0x000000000000199a      0x7bb ./Core/Src/stm32f4xx_hal_msp.o
 .debug_line    0x0000000000002155      0x87c ./Core/Src/stm32f4xx_it.o
 .debug_line    0x00000000000029d1      0x83b ./Core/Src/system_stm32f4xx.o
 .debug_line    0x000000000000320c       0x88 ./Core/Startup/startup_stm32f429zitx.o
 .debug_line    0x0000000000003294      0xb26 ./Drivers/STM32F4xx_HAL_Driver/stm32f4xx_hal.o
 .debug_line    0x0000000000003dba      0xd9f ./Drivers/STM32F4xx_HAL_Driver/stm32f4xx_hal_cortex.o
 .debug_line    0x0000000000004b59      0xe6c ./Drivers/STM32F4xx_HAL_Driver/stm32f4xx_hal_rcc.o

.debug_str      0x0000000000000000    0xcafc5
 .debug_str     0x0000000000000000    0xc9c8e ./Core/Src/SysTick.o
                                      0xc9f2e (size before relaxing)
 .debug_str     0x00000000000c9c8e      0x2f5 ./Core/Src/gpio.o
                                      0xc9b58 (size before relaxing)
 .debug_str     0x00000000000c9f83      0x239 ./Core/Src/main.o
                                      0xc9cdc (size before relaxing)
 .debug_str     0x00000000000ca1bc       0x2c ./Core/Src/stm32f4xx_hal_msp.o
                                      0xc99c0 (size before relaxing)
 .debug_str     0x00000000000ca1e8       0xbd ./Core/Src/stm32f4xx_it.o
                                      0xc993b (size before relaxing)
 .debug_str     0x00000000000ca2a5       0x5b ./Core/Src/system_stm32f4xx.o
                                      0xc99e1 (size before relaxing)
 .debug_str     0x00000000000ca300       0x36 ./Core/Startup/startup_stm32f429zitx.o
                                         0x84 (size before relaxing)
 .debug_str     0x00000000000ca336      0x606 ./Drivers/STM32F4xx_HAL_Driver/stm32f4xx_hal.o
                                      0xca5b1 (size before relaxing)
 .debug_str     0x00000000000ca93c      0x3a0 ./Drivers/STM32F4xx_HAL_Driver/stm32f4xx_hal_cortex.o
                                      0xca352 (size before relaxing)
 .debug_str     0x00000000000cacdc      0x2e9 ./Drivers/STM32F4xx_HAL_Driver/stm32f4xx_hal_rcc.o
                                      0xc9e32 (size before relaxing)

.comment        0x0000000000000000       0x53
 .comment       0x0000000000000000       0x53 ./Core/Src/SysTick.o
                                         0x54 (size before relaxing)
 .comment       0x0000000000000053       0x54 ./Core/Src/gpio.o
 .comment       0x0000000000000053       0x54 ./Core/Src/main.o
 .comment       0x0000000000000053       0x54 ./Core/Src/stm32f4xx_hal_msp.o
 .comment       0x0000000000000053       0x54 ./Core/Src/stm32f4xx_it.o
 .comment       0x0000000000000053       0x54 ./Core/Src/system_stm32f4xx.o
 .comment       0x0000000000000053       0x54 ./Drivers/STM32F4xx_HAL_Driver/stm32f4xx_hal.o
 .comment       0x0000000000000053       0x54 ./Drivers/STM32F4xx_HAL_Driver/stm32f4xx_hal_cortex.o
 .comment       0x0000000000000053       0x54 ./Drivers/STM32F4xx_HAL_Driver/stm32f4xx_hal_rcc.o

.debug_frame    0x0000000000000000      0xe98
 .debug_frame   0x0000000000000000       0xe8 ./Core/Src/SysTick.o
 .debug_frame   0x00000000000000e8       0xd0 ./Core/Src/gpio.o
 .debug_frame   0x00000000000001b8       0x68 ./Core/Src/main.o
 .debug_frame   0x0000000000000220       0x34 ./Core/Src/stm32f4xx_hal_msp.o
 .debug_frame   0x0000000000000254      0x104 ./Core/Src/stm32f4xx_it.o
 .debug_frame   0x0000000000000358       0x58 ./Core/Src/system_stm32f4xx.o
 .debug_frame   0x00000000000003b0      0x3b4 ./Drivers/STM32F4xx_HAL_Driver/stm32f4xx_hal.o
 .debug_frame   0x0000000000000764      0x498 ./Drivers/STM32F4xx_HAL_Driver/stm32f4xx_hal_cortex.o
 .debug_frame   0x0000000000000bfc      0x1f0 ./Drivers/STM32F4xx_HAL_Driver/stm32f4xx_hal_rcc.o
 .debug_frame   0x0000000000000dec       0x2c c:/st/stm32cubeide_1.7.0/stm32cubeide/plugins/com.st.stm32cube.ide.mcu.externaltools.gnu-tools-for-stm32.9-2020-q2-update.win32_2.0.0.202105311346/tools/bin/../lib/gcc/arm-none-eabi/9.3.1/../../../../arm-none-eabi/lib/thumb/v7e-m+fp/hard\libc_nano.a(lib_a-init.o)
 .debug_frame   0x0000000000000e18       0x20 c:/st/stm32cubeide_1.7.0/stm32cubeide/plugins/com.st.stm32cube.ide.mcu.externaltools.gnu-tools-for-stm32.9-2020-q2-update.win32_2.0.0.202105311346/tools/bin/../lib/gcc/arm-none-eabi/9.3.1/../../../../arm-none-eabi/lib/thumb/v7e-m+fp/hard\libc_nano.a(lib_a-memset.o)
 .debug_frame   0x0000000000000e38       0x2c c:/st/stm32cubeide_1.7.0/stm32cubeide/plugins/com.st.stm32cube.ide.mcu.externaltools.gnu-tools-for-stm32.9-2020-q2-update.win32_2.0.0.202105311346/tools/bin/../lib/gcc/arm-none-eabi/9.3.1/thumb/v7e-m+fp/hard\libgcc.a(_aeabi_uldivmod.o)
 .debug_frame   0x0000000000000e64       0x34 c:/st/stm32cubeide_1.7.0/stm32cubeide/plugins/com.st.stm32cube.ide.mcu.externaltools.gnu-tools-for-stm32.9-2020-q2-update.win32_2.0.0.202105311346/tools/bin/../lib/gcc/arm-none-eabi/9.3.1/thumb/v7e-m+fp/hard\libgcc.a(_udivmoddi4.o)
