stm32f429i_discovery_ioe.c:133:9:IOE_Config	8	static
stm32f429i_discovery_ioe.c:163:9:IOE_TPITConfig	8	static
stm32f429i_discovery_ioe.c:183:11:IOE_TP_GetState	24	static
stm32f429i_discovery_ioe.c:230:12:IOE_GetGITStatus	24	static
stm32f429i_discovery_ioe.c:260:9:IOE_ClearGITPending	16	static
stm32f429i_discovery_ioe.c:275:9:IOE_IsOperational	8	static
stm32f429i_discovery_ioe.c:300:9:IOE_Reset	8	static
stm32f429i_discovery_ioe.c:319:10:IOE_ReadID	16	static
stm32f429i_discovery_ioe.c:342:9:IOE_FnctCmd	24	static
stm32f429i_discovery_ioe.c:373:9:IOE_GITCmd	24	static
stm32f429i_discovery_ioe.c:410:9:IOE_GITConfig	24	static
stm32f429i_discovery_ioe.c:439:9:IOE_TP_Config	8	static
stm32f429i_discovery_ioe.c:495:9:IOE_IOAFConfig	24	static
stm32f429i_discovery_ioe.c:526:9:I2C_DMA_WriteDeviceRegister	24	static
stm32f429i_discovery_ioe.c:626:9:I2C_DMA_ReadDeviceRegister	24	static
stm32f429i_discovery_ioe.c:721:10:I2C_DMA_ReadDataBuffer	24	static
stm32f429i_discovery_ioe.c:822:17:IOE_TP_Read_X	16	static
stm32f429i_discovery_ioe.c:861:17:IOE_TP_Read_Y	16	static
stm32f429i_discovery_ioe.c:894:17:IOE_TP_Read_Z	16	static
stm32f429i_discovery_ioe.c:912:13:IOE_GPIO_Config	16	static
stm32f429i_discovery_ioe.c:950:13:IOE_I2C_Config	24	static
stm32f429i_discovery_ioe.c:975:13:IOE_DMA_Config	80	static
stm32f429i_discovery_ioe.c:1054:9:I2C_WriteDeviceRegister	24	static
stm32f429i_discovery_ioe.c:1141:9:I2C_ReadDeviceRegister	24	static
stm32f429i_discovery_ioe.c:1238:10:I2C_ReadDataBuffer	24	static
stm32f429i_discovery_ioe.c:1332:9:IOE_TimeoutUserCallback	24	static
stm32f429i_discovery_ioe.c:1365:13:delay	24	static
