stm32f4xx_it.c:64:6:NMI_Handler	4	static
stm32f4xx_it.c:73:6:HardFault_Handler	4	static
stm32f4xx_it.c:86:6:MemManage_Handler	4	static
stm32f4xx_it.c:99:6:BusFault_Handler	4	static
stm32f4xx_it.c:112:6:UsageFault_Handler	4	static
stm32f4xx_it.c:125:6:SVC_Handler	4	static
stm32f4xx_it.c:134:6:DebugMon_Handler	4	static
stm32f4xx_it.c:143:6:PendSV_Handler	4	static
stm32f4xx_it.c:152:6:SysTick_Handler	8	static
stm32f4xx_it.c:170:6:EXTI0_IRQHandler	8	static
stm32f4xx_it.c:181:6:EXTI1_IRQHandler	4	static
stm32f4xx_it.c:191:6:EXTI2_IRQHandler	4	static
stm32f4xx_it.c:201:6:EXTI3_IRQHandler	4	static
stm32f4xx_it.c:211:6:DMA2_Stream0_IRQHandler	8	static
stm32f4xx_it.c:238:6:DMA2_Stream5_IRQHandler	8	static
stm32f4xx_it.c:248:6:DMA2_Stream7_IRQHandler	8	static
stm32f4xx_it.c:268:6:USART1_IRQHandler	8	static
stm32f4xx_it.c:280:6:FLASH_IRQHandler	8	static
