DMA.c:23:6:DMA2_Stream_0_Init	4	static
DMA.c:168:6:DMA2_Stream_0_Set_Addresses_M2M	24	static
DMA.c:189:6:DMA2_Stream_0_Enable	4	static
DMA.c:221:6:DMA2_General_INIT	16	static
DMA.c:238:6:DMA2_Stream5_INIT	4	static
DMA.c:381:6:DMA2_Channel_Set	16	static
DMA.c:388:6:DMA2_Transefere_direction_set	16	static
DMA.c:396:6:DMA2_Address_Set	24	static
DMA.c:405:6:DMA2_Memory2Memory_Address_Set	24	static
DMA.c:416:6:DMA2_Item_Number_Set	16	static
DMA.c:422:6:DMA2_Priority_Set	16	static
DMA.c:432:6:DMA2_Data_Size_Set	16	static
DMA.c:446:6:DMA2_Enable	16	static
DMA.c:461:6:DMA2_Disable	16	static
DMA.c:475:6:DMA2_Transefere_Mode_set	16	static
DMA.c:484:6:DMA2_Circular_Mode_Enable	16	static
DMA.c:493:6:DMA2_Double_Buffer_Mode_Enable	16	static
DMA.c:499:6:DMA2_Interrupt_Mask_Set	16	static
DMA.c:524:6:DMA2_Interrupt_Mask_Clear	24	static
DMA.c:582:7:DMA2_Interrupt_Status_Raw_Check	24	static
DMA.c:607:6:DMA2_FIFO_Control	16	static
DMA.c:618:7:DMA2_FIFO_Status_Check	16	static
DMA.c:627:6:DMA2_Incrementation_Control	16	static
DMA.c:642:6:DMA2_Interrupt_HalfTransfere_ISR_Callback_set	16	static
DMA.c:647:6:DMA2_Interrupt_TranseferComplete_ISR_Callback_set	16	static
DMA.c:654:6:DMA2_Interrupt_TransfereError_ISR_Callback_set	16	static
DMA.c:660:6:DMA2_Interrupt_FifoOverrun_ISR_Callback_set	16	static
DMA.c:666:6:DMA2_Interrupt_DirectModeError_ISR_Callback_set	16	static
DMA.c:674:6:DMA2_Stream5_Interruptr_ISR	16	static
DMA.c:742:6:DMA2_Stream_7_Init	4	static
DMA.c:887:6:DMA2_Stream_7_Set_Addresses	24	static
DMA.c:935:6:DMA2_Stream_7_Enable	4	static
DMA.c:952:6:DMA2_Stream_5_Enable	4	static
