crc.h:73:21:crc_init	4	static
Flash_Hal.c:160:6:Flash_USART1_GPIO_Config	8	static
Flash_Hal.c:170:6:Flash_USART1_Init	4	static
Flash_Hal.c:195:6:Flash_USART1_TX_DMA_Config	8	static
Flash_Hal.c:206:6:Flash_USART1_RX_DMA_Config	4	static
Flash_Hal.c:267:6:Flash_USART1_Enable	8	static
Flash_Hal.c:277:6:Flash_Init	4	static
Flash_Hal.c:300:6:Flash_Main	8	static
Flash_Hal.c:351:6:FLASH_USART1_IRQ_Callback	4	static
Flash_Hal.c:365:6:FLASH_USART1_TX_DMA_IRQ_Callback	4	static
Flash_Hal.c:377:6:FLASH_USART1_RX_DMA_IRQ_Callback	16	static
Flash_Hal.c:399:6:FLASH_IRQ_Callback	4	static
Flash_Hal.c:408:13:check_errors	8	static
Flash_Hal.c:458:13:process_command	40	static,ignoring_inline_asm
Flash_Hal.c:749:4:Main_IMG_Available	24	static
Flash_Hal.c:768:4:Secondary_IMG_Available	24	static
Flash_Hal.c:794:6:Jump_To_APP	40	static,ignoring_inline_asm
Flash_Hal.c:932:10:CRC_validation	40	static
Flash_Hal.c:966:10:Change_Active_Image	32	static
