Flash_Hal.c:168:6:Flash_USART1_GPIO_Config	8	static
Flash_Hal.c:178:6:Flash_USART1_Init	4	static
Flash_Hal.c:203:6:Flash_USART1_TX_DMA_Config	8	static
Flash_Hal.c:214:6:Flash_USART1_RX_DMA_Config	4	static
Flash_Hal.c:280:6:Flash_USART1_Enable	8	static
Flash_Hal.c:290:6:Flash_Init	4	static
Flash_Hal.c:319:6:Flash_Main	8	static
Flash_Hal.c:378:6:FLASH_USART1_IRQ_Callback	4	static
Flash_Hal.c:395:6:FLASH_USART1_TX_DMA_IRQ_Callback	4	static
Flash_Hal.c:410:6:FLASH_USART1_RX_DMA_IRQ_Callback	16	static
Flash_Hal.c:435:6:FLASH_IRQ_Callback	4	static
Flash_Hal.c:449:13:check_errors	8	static
Flash_Hal.c:508:13:process_command	40	static
Flash_Hal.c:860:4:Main_IMG_Available	24	static
Flash_Hal.c:878:4:Secondary_IMG_Available	24	static
Flash_Hal.c:895:6:Jump_To_Main_IMG	32	static
Flash_Hal.c:1021:6:Jump_To_Secondary_IMG	32	static
