myIRQ.c:103:6:IRQ_Init	8	static
myIRQ.c:146:6:myNVIC_IRQ_Init	16	static
myIRQ.c:199:7:myNVIC_SetPriorityGrouping	24	static
myIRQ.c:219:6:myyNVIC_GetPriorityGrouping	4	static
myIRQ.c:231:6:myNVIC_Enable_GlobalIRQ	4	static
myIRQ.c:242:6:myNVIC_Disable_GlobalIRQ	4	static
myIRQ.c:253:6:myNVIC_EnableIRQ	24	static
myIRQ.c:277:7:myNVIC_DisableIRQ	16	static
myIRQ.c:292:11:myNVIC_GetPendingIRQ	16	static
myIRQ.c:301:7:myNVIC_SetPendingIRQ	16	static
myIRQ.c:317:7:myNVIC_ClearPendingIRQ	16	static
myIRQ.c:331:12:myNVIC_GetActive	16	static
myIRQ.c:344:8:myNVIC_SetPriority	24	static
myIRQ.c:374:12:myNVIC_GetPriority	16	static
myIRQ.c:391:12:myNVIC_EncodePriority	24	static
myIRQ.c:407:8:myNVIC_DecodePriority	24	static
