myIRQ.c:117:6:IRQ_Init	8	static
myIRQ.c:160:6:myNVIC_IRQ_Init	16	static
myIRQ.c:213:7:myNVIC_SetPriorityGrouping	24	static
myIRQ.c:233:6:myyNVIC_GetPriorityGrouping	4	static
myIRQ.c:245:6:myNVIC_Enable_GlobalIRQ	4	static
myIRQ.c:256:6:myNVIC_Disable_GlobalIRQ	4	static
myIRQ.c:267:6:myNVIC_EnableIRQ	24	static
myIRQ.c:291:7:myNVIC_DisableIRQ	16	static
myIRQ.c:306:11:myNVIC_GetPendingIRQ	16	static
myIRQ.c:315:7:myNVIC_SetPendingIRQ	16	static
myIRQ.c:331:7:myNVIC_ClearPendingIRQ	16	static
myIRQ.c:345:12:myNVIC_GetActive	16	static
myIRQ.c:358:8:myNVIC_SetPriority	24	static
myIRQ.c:388:12:myNVIC_GetPriority	16	static
myIRQ.c:405:12:myNVIC_EncodePriority	24	static
myIRQ.c:421:8:myNVIC_DecodePriority	24	static
